<html>
<body>
<pre>
<h1>礦ision Build Log</h1>
<h2>Project:</h2>
F:\产品资料\001 产品本地资料\新资料\机械臂控制板\32多功能资料\源码文件\Project\32ctl.uvproj
Project File Date:  05/18/2017

<h2>Output:</h2>
Build target 'Target 1'
compiling stm32f10x_it.c...
compiling main.c...
compiling core_cm3.c...
compiling system_stm32f10x.c...
compiling stm32f10x_gpio.c...
compiling stm32f10x_rcc.c...
compiling misc.c...
compiling stm32f10x_usart.c...
compiling stm32f10x_i2c.c...
compiling stm32f10x_tim.c...
compiling stm32f10x_spi.c...
compiling stm32f10x_adc.c...
compiling stm32f10x_dma.c...
compiling stm32f10x_flash.c...
assembling startup_stm32f10x_hd.s...
compiling tb_gpio.c...
compiling tb_rcc.c...
compiling tb_global.c...
compiling tb_delay.c...
compiling tb_usart.c...
compiling tb_timer.c...
compiling PS2_SONY.c...
compiling ADC.c...
compiling w25q64.c...
linking...
Program Size: Code=22474 RO-data=1566 RW-data=248 ZI-data=7936  
FromELF: creating hex file...
"..\OUT\32_duoji.axf" - 0 Errors, 0 Warning(s).
