Component: ARM Compiler 5.06 update 6 (build 750) Tool: armlink [4d35ed]

==============================================================================

Section Cross References

    main.o(.text) refers to drv_bsp.o(.text) for All_Init
    main.o(.text) refers to ano_scheduler.o(.text) for Scheduler_Setup
    ano_scheduler.o(.text) refers to user_task.o(.text) for FakeRc_Generator
    ano_scheduler.o(.text) refers to drv_sys.o(.text) for GetSysRunTimeMs
    ano_scheduler.o(.text) refers to ano_scheduler.o(.data) for sched_tasks
    ano_scheduler.o(.data) refers to ano_scheduler.o(.text) for Loop_1000Hz
    user_task.o(.text) refers to lx_fc_fun.o(.text) for OneKey_Land
    user_task.o(.text) refers to drv_sys.o(.text) for GetSysRunTimeMs
    user_task.o(.text) refers to drv_bsp.o(.bss) for rc_in
    user_task.o(.text) refers to user_task.o(.data) for one_key_takeoff_f
    user_task.o(.text) refers to ano_lx.o(.bss) for rt_tar
    ano_dt_lx.o(.text) refers to drv_uart.o(.text) for DrvUart5SendBuf
    ano_dt_lx.o(.text) refers to ano_dt_lx.o(.bss) for dt
    ano_dt_lx.o(.text) refers to ano_lx.o(.bss) for pwm_to_esc
    ano_dt_lx.o(.text) refers to drv_led.o(.data) for led
    ano_dt_lx.o(.text) refers to lx_fc_state.o(.bss) for fc_sta
    ano_dt_lx.o(.text) refers to ano_lx.o(.data) for fc_vel
    ano_dt_lx.o(.text) refers to ano_dt_lx.o(.data) for rxstate
    ano_dt_lx.o(.text) refers to lx_fc_ext_sensor.o(.bss) for ext_sens
    ano_dt_lx.o(.text) refers to drv_bsp.o(.bss) for rc_in
    ano_lx.o(.text) refers to lx_fc_fun.o(.text) for LX_Change_Mode
    ano_lx.o(.text) refers to ano_math.o(.text) for my_deadzone
    ano_lx.o(.text) refers to drv_pwmout.o(.text) for DrvMotorPWMSet
    ano_lx.o(.text) refers to drv_adc.o(.text) for Drv_AdcGetBatVot
    ano_lx.o(.text) refers to drv_bsp.o(.text) for DrvRcInputTask
    ano_lx.o(.text) refers to drv_bsp.o(.bss) for rc_in
    ano_lx.o(.text) refers to ano_lx.o(.data) for mod_f
    ano_lx.o(.text) refers to lx_fc_state.o(.data) for sti_fun
    ano_lx.o(.text) refers to ano_lx.o(.bss) for rt_tar
    ano_lx.o(.text) refers to ano_dt_lx.o(.bss) for dt
    ano_lx.o(.text) refers to lx_fc_state.o(.bss) for fc_sta
    ano_lx.o(.text) refers to lx_fc_state.o(.text) for LX_FC_State_Task
    ano_lx.o(.text) refers to drv_anoof.o(.text) for AnoOF_Check_State
    ano_lx.o(.text) refers to drv_uart.o(.text) for DrvUartDataCheck
    ano_lx.o(.text) refers to drv_ubloxgps.o(.text) for GPS_Data_Prepare_Task
    ano_lx.o(.text) refers to lx_fc_ext_sensor.o(.text) for LX_FC_EXT_Sensor_Task
    ano_lx.o(.text) refers to ano_dt_lx.o(.text) for ANO_LX_Data_Exchange_Task
    ano_lx.o(.text) refers to drv_led.o(.text) for LED_1ms_DRV
    lx_fc_ext_sensor.o(.text) refers to drv_anoof.o(.bss) for ano_of
    lx_fc_ext_sensor.o(.text) refers to lx_fc_ext_sensor.o(.data) for of_alt_update_cnt
    lx_fc_ext_sensor.o(.text) refers to lx_fc_ext_sensor.o(.bss) for ext_sens
    lx_fc_ext_sensor.o(.text) refers to ano_dt_lx.o(.bss) for dt
    lx_fc_fun.o(.text) refers to ano_dt_lx.o(.text) for CMD_Send
    lx_fc_fun.o(.text) refers to lx_fc_state.o(.bss) for fc_sta
    lx_fc_fun.o(.text) refers to ano_dt_lx.o(.bss) for dt
    lx_fc_fun.o(.text) refers to lx_fc_fun.o(.data) for old_mode
    lx_fc_state.o(.text) refers to lx_fc_fun.o(.text) for FC_Unlock
    lx_fc_state.o(.text) refers to drv_bsp.o(.bss) for rc_in
    lx_fc_state.o(.text) refers to lx_fc_state.o(.data) for sti_fun
    lx_fc_state.o(.text) refers to lx_fc_state.o(.bss) for fc_sta
    drv_bsp.o(.text) refers to drv_rcin.o(.text) for DrvRcPpmInit
    drv_bsp.o(.text) refers to drv_sys.o(.text) for DrvSysInit
    drv_bsp.o(.text) refers to drv_led.o(.text) for DvrLedInit
    drv_bsp.o(.text) refers to drv_pwmout.o(.text) for DrvPwmOutInit
    drv_bsp.o(.text) refers to drv_uart.o(.text) for DrvUart2Init
    drv_bsp.o(.text) refers to drv_adc.o(.text) for DrvAdcInit
    drv_bsp.o(.text) refers to ano_dt_lx.o(.text) for ANO_DT_Init
    drv_bsp.o(.text) refers to drv_ubloxgps.o(.text) for Init_GPS
    drv_bsp.o(.text) refers to drv_timer.o(.text) for DrvTimerFcInit
    drv_bsp.o(.text) refers to drv_bsp.o(.bss) for rc_in
    drv_bsp.o(.text) refers to drv_bsp.o(.data) for ch_sta
    ano_math.o(.text) refers to cdcmple.o(.text) for __aeabi_cdcmple
    ano_math.o(.text) refers to dmul.o(.text) for __aeabi_dmul
    ano_math.o(.text) refers to dadd.o(.text) for __aeabi_dadd
    ano_math.o(.text) refers to cdrcmple.o(.text) for __aeabi_cdrcmple
    ano_math.o(.text) refers to dflti.o(.text) for __aeabi_i2d
    ano_math.o(.text) refers to d2f.o(.text) for __aeabi_d2f
    ano_math.o(.text) refers to ano_math.o(.constdata) for fast_atan_table
    drv_anoof.o(.text) refers to drv_anoof.o(.bss) for check_time_ms
    drv_anoof.o(.text) refers to drv_anoof.o(.data) for rxstate
    drv_ubloxgps.o(.text) refers to drv_uart.o(.text) for DrvUart1SendBuf
    drv_ubloxgps.o(.text) refers to drv_sys.o(.text) for MyDelayMs
[...]
    ..\DriversMcu\STM32F407\Libraries\STM32F4xx_StdPeriph_Driver\src\stm32f4xx_dma.c 0x00000000   Number         0  stm32f4xx_dma.o ABSOLUTE
    ..\DriversMcu\STM32F407\Libraries\STM32F4xx_StdPeriph_Driver\src\stm32f4xx_exti.c 0x00000000   Number         0  stm32f4xx_exti.o ABSOLUTE
    ..\DriversMcu\STM32F407\Libraries\STM32F4xx_StdPeriph_Driver\src\stm32f4xx_flash.c 0x00000000   Number         0  stm32f4xx_flash.o ABSOLUTE
    ..\DriversMcu\STM32F407\Libraries\STM32F4xx_StdPeriph_Driver\src\stm32f4xx_gpio.c 0x00000000   Number         0  stm32f4xx_gpio.o ABSOLUTE
    ..\DriversMcu\STM32F407\Libraries\STM32F4xx_StdPeriph_Driver\src\stm32f4xx_rcc.c 0x00000000   Number         0  stm32f4xx_rcc.o ABSOLUTE
    ..\DriversMcu\STM32F407\Libraries\STM32F4xx_StdPeriph_Driver\src\stm32f4xx_spi.c 0x00000000   Number         0  stm32f4xx_spi.o ABSOLUTE
    ..\DriversMcu\STM32F407\Libraries\STM32F4xx_StdPeriph_Driver\src\stm32f4xx_tim.c 0x00000000   Number         0  stm32f4xx_tim.o ABSOLUTE
    ..\DriversMcu\STM32F407\Libraries\STM32F4xx_StdPeriph_Driver\src\stm32f4xx_usart.c 0x00000000   Number         0  stm32f4xx_usart.o ABSOLUTE
    ..\FcSrc\ANO_DT_LX.c                     0x00000000   Number         0  ano_dt_lx.o ABSOLUTE
    ..\FcSrc\ANO_LX.c                        0x00000000   Number         0  ano_lx.o ABSOLUTE
    ..\FcSrc\Ano_Scheduler.c                 0x00000000   Number         0  ano_scheduler.o ABSOLUTE
    ..\FcSrc\LX_FC_EXT_Sensor.c              0x00000000   Number         0  lx_fc_ext_sensor.o ABSOLUTE
    ..\FcSrc\LX_FC_Fun.c                     0x00000000   Number         0  lx_fc_fun.o ABSOLUTE
    ..\FcSrc\LX_FC_State.c                   0x00000000   Number         0  lx_fc_state.o ABSOLUTE
    ..\FcSrc\User_Task.c                     0x00000000   Number         0  user_task.o ABSOLUTE
    ..\FcSrc\main.c                          0x00000000   Number         0  main.o ABSOLUTE
    ..\\DriversBsp\\Ano_Math.c               0x00000000   Number         0  ano_math.o ABSOLUTE
    ..\\DriversBsp\\Drv_AnoOf.c              0x00000000   Number         0  drv_anoof.o ABSOLUTE
    ..\\DriversBsp\\Drv_BSP.c                0x00000000   Number         0  drv_bsp.o ABSOLUTE
    ..\\DriversBsp\\Drv_UbloxGPS.c           0x00000000   Number         0  drv_ubloxgps.o ABSOLUTE
    ..\\DriversMcu\\STM32F407\\Drivers\\Drv_PwmOut.c 0x00000000   Number         0  drv_pwmout.o ABSOLUTE
    ..\\DriversMcu\\STM32F407\\Drivers\\Drv_RcIn.c 0x00000000   Number         0  drv_rcin.o ABSOLUTE
    ..\\DriversMcu\\STM32F407\\Drivers\\Drv_Sys.c 0x00000000   Number         0  drv_sys.o ABSOLUTE
    ..\\DriversMcu\\STM32F407\\Drivers\\Drv_Timer.c 0x00000000   Number         0  drv_timer.o ABSOLUTE
    ..\\DriversMcu\\STM32F407\\Drivers\\Drv_Uart.c 0x00000000   Number         0  drv_uart.o ABSOLUTE
    ..\\DriversMcu\\STM32F407\\Drivers\\Drv_adc.c 0x00000000   Number         0  drv_adc.o ABSOLUTE
    ..\\DriversMcu\\STM32F407\\Drivers\\Drv_led.c 0x00000000   Number         0  drv_led.o ABSOLUTE
    ..\\DriversMcu\\STM32F407\\Drivers\\stm32f4xx_it.c 0x00000000   Number         0  stm32f4xx_it.o ABSOLUTE
    ..\\DriversMcu\\STM32F407\\Libraries\\CMSIS\\ST\\STM32F4xx\\Source\\Templates\\system_stm32f4xx.c 0x00000000   Number         0  system_stm32f4xx.o ABSOLUTE
    ..\\DriversMcu\\STM32F407\\Libraries\\STM32F4xx_StdPeriph_Driver\\src\\misc.c 0x00000000   Number         0  misc.o ABSOLUTE
    ..\\DriversMcu\\STM32F407\\Libraries\\STM32F4xx_StdPeriph_Driver\\src\\stm32f4xx_adc.c 0x00000000   Number         0  stm32f4xx_adc.o ABSOLUTE
    ..\\DriversMcu\\STM32F407\\Libraries\\STM32F4xx_StdPeriph_Driver\\src\\stm32f4xx_dma.c 0x00000000   Number         0  stm32f4xx_dma.o ABSOLUTE
    ..\\DriversMcu\\STM32F407\\Libraries\\STM32F4xx_StdPeriph_Driver\\src\\stm32f4xx_exti.c 0x00000000   Number         0  stm32f4xx_exti.o ABSOLUTE
    ..\\DriversMcu\\STM32F407\\Libraries\\STM32F4xx_StdPeriph_Driver\\src\\stm32f4xx_flash.c 0x00000000   Number         0  stm32f4xx_flash.o ABSOLUTE
    ..\\DriversMcu\\STM32F407\\Libraries\\STM32F4xx_StdPeriph_Driver\\src\\stm32f4xx_gpio.c 0x00000000   Number         0  stm32f4xx_gpio.o ABSOLUTE
    ..\\DriversMcu\\STM32F407\\Libraries\\STM32F4xx_StdPeriph_Driver\\src\\stm32f4xx_rcc.c 0x00000000   Number         0  stm32f4xx_rcc.o ABSOLUTE
    ..\\DriversMcu\\STM32F407\\Libraries\\STM32F4xx_StdPeriph_Driver\\src\\stm32f4xx_spi.c 0x00000000   Number         0  stm32f4xx_spi.o ABSOLUTE
    ..\\DriversMcu\\STM32F407\\Libraries\\STM32F4xx_StdPeriph_Driver\\src\\stm32f4xx_tim.c 0x00000000   Number         0  stm32f4xx_tim.o ABSOLUTE
    ..\\DriversMcu\\STM32F407\\Libraries\\STM32F4xx_StdPeriph_Driver\\src\\stm32f4xx_usart.c 0x00000000   Number         0  stm32f4xx_usart.o ABSOLUTE
    ..\\FcSrc\\ANO_DT_LX.c                   0x00000000   Number         0  ano_dt_lx.o ABSOLUTE
    ..\\FcSrc\\ANO_LX.c                      0x00000000   Number         0  ano_lx.o ABSOLUTE
    ..\\FcSrc\\Ano_Scheduler.c               0x00000000   Number         0  ano_scheduler.o ABSOLUTE
    ..\\FcSrc\\LX_FC_EXT_Sensor.c            0x00000000   Number         0  lx_fc_ext_sensor.o ABSOLUTE
    ..\\FcSrc\\LX_FC_Fun.c                   0x00000000   Number         0  lx_fc_fun.o ABSOLUTE
    ..\\FcSrc\\LX_FC_State.c                 0x00000000   Number         0  lx_fc_state.o ABSOLUTE
    ..\\FcSrc\\User_Task.c                   0x00000000   Number         0  user_task.o ABSOLUTE
    ..\\FcSrc\\main.c                        0x00000000   Number         0  main.o ABSOLUTE
    cdcmple.s                                0x00000000   Number         0  cdcmple.o ABSOLUTE
    cdrcmple.s                               0x00000000   Number         0  cdrcmple.o ABSOLUTE
    dc.s                                     0x00000000   Number         0  dc.o ABSOLUTE
    handlers.s                               0x00000000   Number         0  handlers.o ABSOLUTE
    init.s                                   0x00000000   Number         0  init.o ABSOLUTE
    RESET                                    0x08000000   Section      392  startup_stm32f4xx.o(RESET)
    .ARM.Collect$$$$00000000                 0x08000188   Section        0  entry.o(.ARM.Collect$$$$00000000)
    .ARM.Collect$$$$00000001                 0x08000188   Section        4  entry2.o(.ARM.Collect$$$$00000001)
    .ARM.Collect$$$$00000004                 0x0800018c   Section        4  entry5.o(.ARM.Collect$$$$00000004)
    .ARM.Collect$$$$00000008                 0x08000190   Section        0  entry7b.o(.ARM.Collect$$$$00000008)
    .ARM.Collect$$$$0000000A                 0x08000190   Section        0  entry8b.o(.ARM.Collect$$$$0000000A)
    .ARM.Collect$$$$0000000B                 0x08000190   Section        8  entry9a.o(.ARM.Collect$$$$0000000B)
    .ARM.Collect$$$$0000000D                 0x08000198   Section        0  entry10a.o(.ARM.Collect$$$$0000000D)
    .ARM.Collect$$$$0000000F                 0x08000198   Section        0  entry11a.o(.ARM.Collect$$$$0000000F)
    .ARM.Collect$$$$00002712                 0x08000198   Section        4  entry2.o(.ARM.Collect$$$$00002712)
    __lit__00000000                          0x08000198   Data           4  entry2.o(.ARM.Collect$$$$00002712)
    .text                                    0x0800019c   Section        0  main.o(.text)
    .text                                    0x080001b0   Section        0  ano_scheduler.o(.text)
    Loop_1000Hz                              0x080001b1   Thumb Code     2  ano_scheduler.o(.text)
    Loop_500Hz                               0x080001b3   Thumb Code     2  ano_scheduler.o(.text)
    Loop_200Hz                               0x080001b5   Thumb Code     2  ano_scheduler.o(.text)
    Loop_100Hz                               0x080001b7   Thumb Code     2  ano_scheduler.o(.text)
    Loop_50Hz                                0x080001b9   Thumb Code    12  ano_scheduler.o(.text)
    Loop_20Hz                                0x080001c5   Thumb Code     2  ano_scheduler.o(.text)
    Loop_2Hz                                 0x080001c7   Thumb Code     2  ano_scheduler.o(.text)
    .text                                    0x08000264   Section        0  user_task.o(.text)
    .text                                    0x08000530   Section        0  ano_dt_lx.o(.text)
    ANO_DT_LX_Send_Data                      0x080005d7   Thumb Code    16  ano_dt_lx.o(.text)
    ANO_DT_LX_Data_Receive_Anl               0x08000601   Thumb Code   486  ano_dt_lx.o(.text)
    Add_Send_Data                            0x080008e9   Thumb Code   444  ano_dt_lx.o(.text)
    Frame_Send                               0x08000aa5   Thumb Code   190  ano_dt_lx.o(.text)
    Check_To_Send                            0x08000b63   Thumb Code   138  ano_dt_lx.o(.text)
    CK_Back_Check                            0x08000c47   Thumb Code    90  ano_dt_lx.o(.text)
    .text                                    0x08000cc4   Section        0  ano_lx.o(.text)
    RC_Data_Task                             0x08000cc5   Thumb Code   594  ano_lx.o(.text)
    ESC_Output                               0x08000f17   Thumb Code   364  ano_lx.o(.text)
    Bat_Voltage_Data_Handle                  0x08001083   Thumb Code    28  ano_lx.o(.text)
    .text                                    0x080011a0   Section        0  lx_fc_ext_sensor.o(.text)
    General_Velocity_Data_Handle             0x080011ef   Thumb Code   120  lx_fc_ext_sensor.o(.text)
    .text                                    0x08001284   Section        0  lx_fc_fun.o(.text)
    .text                                    0x08001520   Section        0  lx_fc_state.o(.text)
    LX_Unlock_Lock_Check                     0x08001521   Thumb Code   438  lx_fc_state.o(.text)
    .text                                    0x080017a4   Section        0  drv_bsp.o(.text)
    rcSignalCheck                            0x08001aa3   Thumb Code   168  drv_bsp.o(.text)
    .text                                    0x08001c9c   Section        0  ano_math.o(.text)
    .text                                    0x08002518   Section        0  drv_anoof.o(.text)
    AnoOF_DataAnl                            0x080025cd   Thumb Code   364  drv_anoof.o(.text)
    .text                                    0x08002858   Section        0  drv_ubloxgps.o(.text)
    .text                                    0x08002c00   Section        0  stm32f4xx_it.o(.text)
    .text                                    0x08002c7c   Section        0  drv_sys.o(.text)
    .text                                    0x08002d84   Section        0  drv_adc.o(.text)
    initAdcDMA                               0x08002d85   Thumb Code   108  drv_adc.o(.text)
    .text                                    0x08002f18   Section        0  drv_led.o(.text)
    .text                                    0x08003034   Section        0  drv_pwmout.o(.text)
    .text                                    0x080033b0   Section        0  drv_rcin.o(.text)
    .text                                    0x08003594   Section        0  drv_timer.o(.text)
    .text                                    0x08003620   Section        0  drv_uart.o(.text)
    .text                                    0x08004070   Section       36  startup_stm32f4xx.o(.text)
    $v0                                      0x08004070   Number         0  startup_stm32f4xx.o(.text)
    .text                                    0x08004094   Section        0  system_stm32f4xx.o(.text)
    SetSysClock                              0x08004095   Thumb Code   220  system_stm32f4xx.o(.text)
    .text                                    0x080042a4   Section        0  misc.o(.text)
    .text                                    0x08004464   Section        0  stm32f4xx_adc.o(.text)
    .text                                    0x08005440   Section        0  stm32f4xx_dma.o(.text)
    .text                                    0x080067a8   Section        0  stm32f4xx_exti.o(.text)
    .text                                    0x08006a7c   Section        0  stm32f4xx_gpio.o(.text)
    .text                                    0x08007344   Section        0  stm32f4xx_rcc.o(.text)
    .text                                    0x08008040   Section        0  stm32f4xx_tim.o(.text)
    TI4_Config                               0x08009cb9   Thumb Code    80  stm32f4xx_tim.o(.text)
    TI3_Config                               0x08009d9d   Thumb Code    72  stm32f4xx_tim.o(.text)
    TI2_Config                               0x08009e5b   Thumb Code    80  stm32f4xx_tim.o(.text)
    TI1_Config                               0x08009f31   Thumb Code    58  stm32f4xx_tim.o(.text)
    .text                                    0x0800b22c   Section        0  stm32f4xx_usart.o(.text)
    .text                                    0x0800c050   Section        0  dadd.o(.text)
    .text                                    0x0800c19e   Section        0  dmul.o(.text)
    .text                                    0x0800c282   Section        0  dflti.o(.text)
    .text                                    0x0800c2a4   Section       48  cdcmple.o(.text)
    .text                                    0x0800c2d4   Section       48  cdrcmple.o(.text)
    .text                                    0x0800c304   Section        0  d2f.o(.text)
    .text                                    0x0800c33c   Section        0  llshl.o(.text)
    .text                                    0x0800c35a   Section        0  llsshr.o(.text)
    .text                                    0x0800c37e   Section        0  iusefp.o(.text)
    .text                                    0x0800c37e   Section        0  fepilogue.o(.text)
    .text                                    0x0800c3ec   Section        0  depilogue.o(.text)
    .text                                    0x0800c4a8   Section       36  init.o(.text)
    .text                                    0x0800c4cc   Section        0  llushr.o(.text)
    .text                                    0x0800c4ec   Section        0  __dczerorl2.o(.text)
    i.__scatterload_copy                     0x0800c542   Section       14  handlers.o(i.__scatterload_copy)
    i.__scatterload_null                     0x0800c550   Section        2  handlers.o(i.__scatterload_null)
    i.__scatterload_zeroinit                 0x0800c552   Section       14  handlers.o(i.__scatterload_zeroinit)
    .constdata                               0x0800c560   Section     1028  ano_math.o(.constdata)
    .conststring                             0x0800c964   Section       72  misc.o(.conststring)
    .conststring                             0x0800c9ac   Section       81  stm32f4xx_adc.o(.conststring)
    .conststring                             0x0800ca00   Section       81  stm32f4xx_dma.o(.conststring)
    .conststring                             0x0800ca54   Section       82  stm32f4xx_exti.o(.conststring)
    .conststring                             0x0800caa8   Section       82  stm32f4xx_gpio.o(.conststring)
    .conststring                             0x0800cafc   Section       81  stm32f4xx_rcc.o(.conststring)
    .conststring                             0x0800cb50   Section       81  stm32f4xx_tim.o(.conststring)
    .conststring                             0x0800cba4   Section       83  stm32f4xx_usart.o(.conststring)
    .data                                    0x20000000   Section       84  ano_scheduler.o(.data)
    sched_tasks                              0x20000000   Data          84  ano_scheduler.o(.data)
    .data                                    0x20000054   Section       12  user_task.o(.data)
    one_key_takeoff_f                        0x20000054   Data           1  user_task.o(.data)
    one_key_land_f                           0x20000055   Data           1  user_task.o(.data)
    one_key_mission_f                        0x20000056   Data           1  user_task.o(.data)
    mission_step                             0x20000057   Data           1  user_task.o(.data)
    time_dly_cnt_ms                          0x20000058   Data           2  user_task.o(.data)
    s                                        0x2000005a   Data           1  user_task.o(.data)
    t_ref                                    0x2000005c   Data           4  user_task.o(.data)
    .data                                    0x20000060   Section        6  ano_dt_lx.o(.data)
    DT_data_cnt                              0x20000060   Data           1  ano_dt_lx.o(.data)
    repeat_cnt                               0x20000061   Data           1  ano_dt_lx.o(.data)
    _data_len                                0x20000062   Data           1  ano_dt_lx.o(.data)
    _data_cnt                                0x20000063   Data           1  ano_dt_lx.o(.data)
    rxstate                                  0x20000064   Data           1  ano_dt_lx.o(.data)
    time_dly                                 0x20000065   Data           1  ano_dt_lx.o(.data)
    .data                                    0x20000066   Section       30  ano_lx.o(.data)
    fail_safe_change_mod                     0x20000077   Data           1  ano_lx.o(.data)
    fail_safe_return_home                    0x20000078   Data           1  ano_lx.o(.data)
    mod_f                                    0x20000079   Data           3  ano_lx.o(.data)
    mod_f_time_cnt                           0x2000007c   Data           2  ano_lx.o(.data)
    esc_calibrated                           0x2000007e   Data           1  ano_lx.o(.data)
    tmp_cnt                                  0x20000080   Data           4  ano_lx.o(.data)
    .data                                    0x20000084   Section        4  lx_fc_ext_sensor.o(.data)
    of_update_cnt                            0x20000084   Data           1  lx_fc_ext_sensor.o(.data)
    of_alt_update_cnt                        0x20000085   Data           1  lx_fc_ext_sensor.o(.data)
    dT_ms                                    0x20000086   Data           1  lx_fc_ext_sensor.o(.data)
    of_alt_update_cnt                        0x20000087   Data           1  lx_fc_ext_sensor.o(.data)
    .data                                    0x20000088   Section        1  lx_fc_fun.o(.data)
    old_mode                                 0x20000088   Data           1  lx_fc_fun.o(.data)
    .data                                    0x2000008a   Section        6  lx_fc_state.o(.data)
    time_dly_cnt_ms                          0x2000008c   Data           2  lx_fc_state.o(.data)
    unlock_lock_flag                         0x2000008e   Data           1  lx_fc_state.o(.data)
    cali_f                                   0x2000008f   Data           1  lx_fc_state.o(.data)
    .data                                    0x20000090   Section       19  drv_bsp.o(.data)
    ch_sta                                   0x20000090   Data           1  drv_bsp.o(.data)
    sbus_time                                0x20000094   Data           8  drv_bsp.o(.data)
    cnt                                      0x2000009c   Data           1  drv_bsp.o(.data)
    frame_cnt                                0x2000009d   Data           1  drv_bsp.o(.data)
    cnt_tmp                                  0x2000009e   Data           1  drv_bsp.o(.data)
    time_dly                                 0x200000a0   Data           2  drv_bsp.o(.data)
    failsafe                                 0x200000a2   Data           1  drv_bsp.o(.data)
    .data                                    0x200000a3   Section        3  drv_anoof.o(.data)
    _data_len                                0x200000a3   Data           1  drv_anoof.o(.data)
    _data_cnt                                0x200000a4   Data           1  drv_anoof.o(.data)
    rxstate                                  0x200000a5   Data           1  drv_anoof.o(.data)
    .data                                    0x200000a6   Section      182  drv_ubloxgps.o(.data)
    protocol_class                           0x20000155   Data           1  drv_ubloxgps.o(.data)
    protocol_id                              0x20000156   Data           1  drv_ubloxgps.o(.data)
    protocol_length_t                        0x20000157   Data           1  drv_ubloxgps.o(.data)
    protocol_length                          0x20000158   Data           2  drv_ubloxgps.o(.data)
    state                                    0x2000015b   Data           1  drv_ubloxgps.o(.data)
    .data                                    0x20000160   Section        8  drv_sys.o(.data)
    SysRunTimeMs                             0x20000160   Data           8  drv_sys.o(.data)
    .data                                    0x20000168   Section       12  drv_led.o(.data)
    led_cnt                                  0x2000016c   Data           8  drv_led.o(.data)
    .data                                    0x20000174   Section        4  drv_rcin.o(.data)
    temp_cnt                                 0x20000174   Data           4  drv_rcin.o(.data)
    .data                                    0x20000178   Section       20  drv_uart.o(.data)
    .data                                    0x2000018c   Section       20  system_stm32f4xx.o(.data)
    .data                                    0x200001a0   Section       16  stm32f4xx_rcc.o(.data)
    APBAHBPrescTable                         0x200001a0   Data          16  stm32f4xx_rcc.o(.data)
    .bss                                     0x200001b0   Section     1872  ano_dt_lx.o(.bss)
    DT_RxBuffer                              0x20000800   Data         256  ano_dt_lx.o(.bss)
    .bss                                     0x20000900   Section       56  ano_lx.o(.bss)
    pwm                                      0x20000928   Data          16  ano_lx.o(.bss)
    .bss                                     0x20000938   Section       48  lx_fc_ext_sensor.o(.bss)
    .bss                                     0x20000968   Section       11  lx_fc_state.o(.bss)
    .bss                                     0x20000974   Section      107  drv_bsp.o(.bss)
    datatmp                                  0x200009c6   Data          25  drv_bsp.o(.bss)
    .bss                                     0x200009e0   Section      124  drv_anoof.o(.bss)
    _datatemp                                0x20000a1c   Data          50  drv_anoof.o(.bss)
    check_time_ms                            0x20000a50   Data          12  drv_anoof.o(.bss)
    .bss                                     0x20000a5c   Section      100  drv_ubloxgps.o(.bss)
    .bss                                     0x20000ac0   Section      100  drv_adc.o(.bss)
    .bss                                     0x20000b24   Section     1780  drv_uart.o(.bss)
    STACK                                    0x20001218   Section     2048  startup_stm32f4xx.o(STACK)

    Global Symbols

    Symbol Name                              Value     Ov Type        Size  Object(Section)

    BuildAttributes$$THM_ISAv4$E$P$D$K$B$S$7EM$VFPi3$EXTD16$VFPS$VFMA$PE$A:L22UL41UL21$X:L11$S22US41US21$IEEE1$IW$USESV6$~STKCKD$USESV7$~SHL$OTIME$ROPI$EBA8$MICROLIB$REQ8$PRES8$EABIv2 0x00000000   Number         0  anon$$obj.o ABSOLUTE
    __ARM_use_no_argv                        0x00000000   Number         0  main.o ABSOLUTE
    __cpp_initialize__aeabi_                  - Undefined Weak Reference
    __cxa_finalize                            - Undefined Weak Reference
    _clock_init                               - Undefined Weak Reference
    _microlib_exit                            - Undefined Weak Reference
    __Vectors_Size                           0x00000188   Number         0  startup_stm32f4xx.o ABSOLUTE
    __Vectors                                0x08000000   Data           4  startup_stm32f4xx.o(RESET)
    __Vectors_End                            0x08000188   Data           0  startup_stm32f4xx.o(RESET)
    __main                                   0x08000189   Thumb Code     0  entry.o(.ARM.Collect$$$$00000000)
    _main_stk                                0x08000189   Thumb Code     0  entry2.o(.ARM.Collect$$$$00000001)
    _main_scatterload                        0x0800018d   Thumb Code     0  entry5.o(.ARM.Collect$$$$00000004)
    __main_after_scatterload                 0x08000191   Thumb Code     0  entry5.o(.ARM.Collect$$$$00000004)
    _main_clock                              0x08000191   Thumb Code     0  entry7b.o(.ARM.Collect$$$$00000008)
    _main_cpp_init                           0x08000191   Thumb Code     0  entry8b.o(.ARM.Collect$$$$0000000A)
    _main_init                               0x08000191   Thumb Code     0  entry9a.o(.ARM.Collect$$$$0000000B)
    __rt_final_cpp                           0x08000199   Thumb Code     0  entry10a.o(.ARM.Collect$$$$0000000D)
    __rt_final_exit                          0x08000199   Thumb Code     0  entry11a.o(.ARM.Collect$$$$0000000F)
    assert_failed                            0x0800019d   Thumb Code     4  main.o(.text)
    main                                     0x080001a1   Thumb Code    16  main.o(.text)
    Scheduler_Setup                          0x080001c9   Thumb Code    76  ano_scheduler.o(.text)
    Scheduler_Run                            0x08000215   Thumb Code    76  ano_scheduler.o(.text)
    UserTask_OneKeyCmd                       0x08000265   Thumb Code   486  user_task.o(.text)
    FakeRc_Generator                         0x0800044b   Thumb Code   184  user_task.o(.text)
    ANO_DT_Init                              0x08000531   Thumb Code   166  ano_dt_lx.o(.text)
    CK_Back                                  0x080005e7   Thumb Code    12  ano_dt_lx.o(.text)
    PAR_Back                                 0x080005f3   Thumb Code    14  ano_dt_lx.o(.text)
    ANO_DT_LX_Data_Receive_Prepare           0x080007e7   Thumb Code   258  ano_dt_lx.o(.text)
    CMD_Send                                 0x08000bed   Thumb Code    22  ano_dt_lx.o(.text)
    ANO_LX_Data_Exchange_Task                0x08000c03   Thumb Code    68  ano_dt_lx.o(.text)
    ANO_LX_Task                              0x0800109f   Thumb Code   248  ano_lx.o(.text)
    LX_FC_EXT_Sensor_Task                    0x080011a1   Thumb Code    78  lx_fc_ext_sensor.o(.text)
    FC_Unlock                                0x08001285   Thumb Code    56  lx_fc_fun.o(.text)
    FC_Lock                                  0x080012bd   Thumb Code    56  lx_fc_fun.o(.text)
    LX_Change_Mode                           0x080012f5   Thumb Code    80  lx_fc_fun.o(.text)
    OneKey_Return_Home                       0x08001345   Thumb Code    50  lx_fc_fun.o(.text)
    OneKey_Takeoff                           0x08001377   Thumb Code    66  lx_fc_fun.o(.text)
    OneKey_Land                              0x080013b9   Thumb Code    50  lx_fc_fun.o(.text)
    Horizontal_Move                          0x080013eb   Thumb Code    98  lx_fc_fun.o(.text)
    Horizontal_Calibrate                     0x0800144d   Thumb Code    50  lx_fc_fun.o(.text)
    Mag_Calibrate                            0x0800147f   Thumb Code    50  lx_fc_fun.o(.text)
    ACC_Calibrate                            0x080014b1   Thumb Code    50  lx_fc_fun.o(.text)
    GYR_Calibrate                            0x080014e3   Thumb Code    50  lx_fc_fun.o(.text)
    LX_Cali_Trig_Check                       0x080016d7   Thumb Code   150  lx_fc_state.o(.text)
    LX_FC_State_Task                         0x0800176d   Thumb Code    26  lx_fc_state.o(.text)
    DrvRcInputInit                           0x080017a5   Thumb Code    20  drv_bsp.o(.text)
    All_Init                                 0x080017b9   Thumb Code    94  drv_bsp.o(.text)
    DrvPpmGetOneCh                           0x08001817   Thumb Code    92  drv_bsp.o(.text)
    DrvSbusGetOneByte                        0x08001873   Thumb Code   560  drv_bsp.o(.text)
    DrvRcInputTask                           0x08001b4b   Thumb Code   322  drv_bsp.o(.text)
    my_abs                                   0x08001c9d   Thumb Code    26  ano_math.o(.text)
    fast_atan2                               0x08001cb7   Thumb Code   350  ano_math.o(.text)
    my_atan                                  0x08001e15   Thumb Code    24  ano_math.o(.text)
    my_sqrt_reciprocal                       0x08001e2d   Thumb Code    76  ano_math.o(.text)
    my_sqrt                                  0x08001e79   Thumb Code    20  ano_math.o(.text)
    mx_sin                                   0x08001e8d   Thumb Code   292  ano_math.o(.text)
    my_sin                                   0x08001fb1   Thumb Code   108  ano_math.o(.text)
    my_cos                                   0x0800201d   Thumb Code   136  ano_math.o(.text)
    my_deadzone                              0x080020a5   Thumb Code   152  ano_math.o(.text)
    my_deadzone_2                            0x0800213d   Thumb Code    48  ano_math.o(.text)
    my_HPF                                   0x0800216d   Thumb Code   346  ano_math.o(.text)
    To_180_degrees_db                        0x080022c7   Thumb Code   108  ano_math.o(.text)
    length_limit                             0x08002333   Thumb Code   140  ano_math.o(.text)
    fifo                                     0x080023bf   Thumb Code    42  ano_math.o(.text)
    rot_vec_2                                0x080023e9   Thumb Code    84  ano_math.o(.text)
    vec_2_cross_product                      0x0800243d   Thumb Code    26  ano_math.o(.text)
    vec_2_dot_product                        0x08002457   Thumb Code    26  ano_math.o(.text)
    vec_3_cross_product_err_sinx             0x08002471   Thumb Code    86  ano_math.o(.text)
    vec_3_dot_product                        0x080024c7   Thumb Code    38  ano_math.o(.text)
    AnoOF_Check_State                        0x08002519   Thumb Code   180  drv_anoof.o(.text)
    AnoOF_GetOneByte                         0x08002739   Thumb Code   252  drv_anoof.o(.text)
    GPS_Data_Prepare_Task                    0x08002859   Thumb Code   306  drv_ubloxgps.o(.text)
    GPS_Rate_H                               0x0800298b   Thumb Code    12  drv_ubloxgps.o(.text)
    GPS_Rate_L                               0x08002997   Thumb Code    12  drv_ubloxgps.o(.text)
    Init_GPS                                 0x080029a3   Thumb Code   196  drv_ubloxgps.o(.text)
    UBLOX_M8_GPS_Data_Receive                0x08002a67   Thumb Code   328  drv_ubloxgps.o(.text)
    NMI_Handler                              0x08002c01   Thumb Code     2  stm32f4xx_it.o(.text)
    MemManage_Handler                        0x08002c03   Thumb Code     4  stm32f4xx_it.o(.text)
    BusFault_Handler                         0x08002c07   Thumb Code     4  stm32f4xx_it.o(.text)
    UsageFault_Handler                       0x08002c0b   Thumb Code     4  stm32f4xx_it.o(.text)
    SVC_Handler                              0x08002c0f   Thumb Code     2  stm32f4xx_it.o(.text)
    DebugMon_Handler                         0x08002c11   Thumb Code     2  stm32f4xx_it.o(.text)
    EXTI9_5_IRQHandler                       0x08002c13   Thumb Code    18  stm32f4xx_it.o(.text)
    TIM3_IRQHandler                          0x08002c25   Thumb Code     8  stm32f4xx_it.o(.text)
    TIM4_IRQHandler                          0x08002c2d   Thumb Code     2  stm32f4xx_it.o(.text)
    TIM7_IRQHandler                          0x08002c2f   Thumb Code    26  stm32f4xx_it.o(.text)
    USART1_IRQHandler                        0x08002c49   Thumb Code     8  stm32f4xx_it.o(.text)
    USART2_IRQHandler                        0x08002c51   Thumb Code     8  stm32f4xx_it.o(.text)
    USART3_IRQHandler                        0x08002c59   Thumb Code     8  stm32f4xx_it.o(.text)
    UART4_IRQHandler                         0x08002c61   Thumb Code     8  stm32f4xx_it.o(.text)
    UART5_IRQHandler                         0x08002c69   Thumb Code     8  stm32f4xx_it.o(.text)
    USART6_IRQHandler                        0x08002c71   Thumb Code     8  stm32f4xx_it.o(.text)
    SysTick_Init                             0x08002c7d   Thumb Code   100  drv_sys.o(.text)
    SysTick_Handler                          0x08002ce1   Thumb Code    20  drv_sys.o(.text)
    GetSysRunTimeMs                          0x08002cf5   Thumb Code     6  drv_sys.o(.text)
    GetSysRunTimeUs                          0x08002cfb   Thumb Code    62  drv_sys.o(.text)
    MyDelayUs                                0x08002d39   Thumb Code    24  drv_sys.o(.text)
    MyDelayMs                                0x08002d51   Thumb Code    24  drv_sys.o(.text)
    DrvSysInit                               0x08002d69   Thumb Code    16  drv_sys.o(.text)
    DrvAdcInit                               0x08002df1   Thumb Code   168  drv_adc.o(.text)
    Drv_AdcGetBatVot                         0x08002e99   Thumb Code    92  drv_adc.o(.text)
    DvrLedInit                               0x08002f19   Thumb Code   112  drv_led.o(.text)
    LED_On_Off                               0x08002f89   Thumb Code    82  drv_led.o(.text)
    LED_1ms_DRV                              0x08002fdb   Thumb Code    78  drv_led.o(.text)
    DrvPwmOutInit                            0x08003035   Thumb Code   742  drv_pwmout.o(.text)
    DrvMotorPWMSet                           0x0800331b   Thumb Code   112  drv_pwmout.o(.text)
    DrvRcPpmInit                             0x080033b1   Thumb Code   176  drv_rcin.o(.text)
    PPM_IRQH                                 0x08003461   Thumb Code    82  drv_rcin.o(.text)
    DrvRcSbusInit                            0x080034b3   Thumb Code   166  drv_rcin.o(.text)
    Sbus_IRQH                                0x08003559   Thumb Code    40  drv_rcin.o(.text)
    TIM_CONF                                 0x08003595   Thumb Code    80  drv_timer.o(.text)
    TIM_NVIC                                 0x080035e5   Thumb Code    32  drv_timer.o(.text)
    DrvTimerFcInit                           0x08003605   Thumb Code    24  drv_timer.o(.text)
    NoUse                                    0x08003621   Thumb Code     2  drv_uart.o(.text)
    DrvUart1Init                             0x08003623   Thumb Code   246  drv_uart.o(.text)
    DrvUart1SendBuf                          0x08003719   Thumb Code    60  drv_uart.o(.text)
    drvU1GetByte                             0x08003755   Thumb Code    32  drv_uart.o(.text)
    drvU1DataCheck                           0x08003775   Thumb Code    52  drv_uart.o(.text)
    Usart1_IRQ                               0x080037a9   Thumb Code   110  drv_uart.o(.text)
    DrvUart2Init                             0x08003817   Thumb Code   234  drv_uart.o(.text)
    DrvUart2SendBuf                          0x08003901   Thumb Code    62  drv_uart.o(.text)
    drvU2GetByte                             0x0800393f   Thumb Code    32  drv_uart.o(.text)
    drvU2DataCheck                           0x0800395f   Thumb Code    52  drv_uart.o(.text)
    Usart2_IRQ                               0x08003993   Thumb Code   120  drv_uart.o(.text)
    DrvUart3Init                             0x08003a0b   Thumb Code   312  drv_uart.o(.text)
    DrvUart3SendBuf                          0x08003b43   Thumb Code    62  drv_uart.o(.text)
    drvU3GetByte                             0x08003b81   Thumb Code    32  drv_uart.o(.text)
    drvU3DataCheck                           0x08003ba1   Thumb Code    52  drv_uart.o(.text)
    Usart3_IRQ                               0x08003bd5   Thumb Code   120  drv_uart.o(.text)
    DrvUart4Init                             0x08003c4d   Thumb Code   200  drv_uart.o(.text)
    DrvUart4SendBuf                          0x08003d15   Thumb Code    62  drv_uart.o(.text)
    drvU4GetByte                             0x08003d53   Thumb Code    32  drv_uart.o(.text)
    drvU4DataCheck                           0x08003d73   Thumb Code    52  drv_uart.o(.text)
    Uart4_IRQ                                0x08003da7   Thumb Code   120  drv_uart.o(.text)
    DrvUart5Init                             0x08003e1f   Thumb Code   288  drv_uart.o(.text)
    DrvUart5SendBuf                          0x08003f3f   Thumb Code    60  drv_uart.o(.text)
    drvU5GetByte                             0x08003f7b   Thumb Code    32  drv_uart.o(.text)
    drvU5DataCheck                           0x08003f9b   Thumb Code    52  drv_uart.o(.text)
    Uart5_IRQ                                0x08003fcf   Thumb Code   110  drv_uart.o(.text)
    DrvUartDataCheck                         0x0800403d   Thumb Code    24  drv_uart.o(.text)
    Reset_Handler                            0x08004071   Thumb Code     8  startup_stm32f4xx.o(.text)
    HardFault_Handler                        0x0800407b   Thumb Code     2  startup_stm32f4xx.o(.text)
    PendSV_Handler                           0x08004087   Thumb Code     2  startup_stm32f4xx.o(.text)
    ADC_IRQHandler                           0x0800408b   Thumb Code     0  startup_stm32f4xx.o(.text)
    CAN1_RX0_IRQHandler                      0x0800408b   Thumb Code     0  startup_stm32f4xx.o(.text)
    CAN1_RX1_IRQHandler                      0x0800408b   Thumb Code     0  startup_stm32f4xx.o(.text)
    CAN1_SCE_IRQHandler                      0x0800408b   Thumb Code     0  startup_stm32f4xx.o(.text)
    CAN1_TX_IRQHandler                       0x0800408b   Thumb Code     0  startup_stm32f4xx.o(.text)
    CAN2_RX0_IRQHandler                      0x0800408b   Thumb Code     0  startup_stm32f4xx.o(.text)
    CAN2_RX1_IRQHandler                      0x0800408b   Thumb Code     0  startup_stm32f4xx.o(.text)
    CAN2_SCE_IRQHandler                      0x0800408b   Thumb Code     0  startup_stm32f4xx.o(.text)
    CAN2_TX_IRQHandler                       0x0800408b   Thumb Code     0  startup_stm32f4xx.o(.text)
    CRYP_IRQHandler                          0x0800408b   Thumb Code     0  startup_stm32f4xx.o(.text)
    DCMI_IRQHandler                          0x0800408b   Thumb Code     0  startup_stm32f4xx.o(.text)
    DMA1_Stream0_IRQHandler                  0x0800408b   Thumb Code     0  startup_stm32f4xx.o(.text)
    DMA1_Stream1_IRQHandler                  0x0800408b   Thumb Code     0  startup_stm32f4xx.o(.text)
    DMA1_Stream2_IRQHandler                  0x0800408b   Thumb Code     0  startup_stm32f4xx.o(.text)
    DMA1_Stream3_IRQHandler                  0x0800408b   Thumb Code     0  startup_stm32f4xx.o(.text)
    DMA1_Stream4_IRQHandler                  0x0800408b   Thumb Code     0  startup_stm32f4xx.o(.text)
    DMA1_Stream5_IRQHandler                  0x0800408b   Thumb Code     0  startup_stm32f4xx.o(.text)
    DMA1_Stream6_IRQHandler                  0x0800408b   Thumb Code     0  startup_stm32f4xx.o(.text)
    DMA1_Stream7_IRQHandler                  0x0800408b   Thumb Code     0  startup_stm32f4xx.o(.text)
    DMA2_Stream0_IRQHandler                  0x0800408b   Thumb Code     0  startup_stm32f4xx.o(.text)
    DMA2_Stream1_IRQHandler                  0x0800408b   Thumb Code     0  startup_stm32f4xx.o(.text)
    DMA2_Stream2_IRQHandler                  0x0800408b   Thumb Code     0  startup_stm32f4xx.o(.text)
    DMA2_Stream3_IRQHandler                  0x0800408b   Thumb Code     0  startup_stm32f4xx.o(.text)
    DMA2_Stream4_IRQHandler                  0x0800408b   Thumb Code     0  startup_stm32f4xx.o(.text)
    DMA2_Stream5_IRQHandler                  0x0800408b   Thumb Code     0  startup_stm32f4xx.o(.text)
    DMA2_Stream6_IRQHandler                  0x0800408b   Thumb Code     0  startup_stm32f4xx.o(.text)
    DMA2_Stream7_IRQHandler                  0x0800408b   Thumb Code     0  startup_stm32f4xx.o(.text)
    ETH_IRQHandler                           0x0800408b   Thumb Code     0  startup_stm32f4xx.o(.text)
    ETH_WKUP_IRQHandler                      0x0800408b   Thumb Code     0  startup_stm32f4xx.o(.text)
    EXTI0_IRQHandler                         0x0800408b   Thumb Code     0  startup_stm32f4xx.o(.text)
    EXTI15_10_IRQHandler                     0x0800408b   Thumb Code     0  startup_stm32f4xx.o(.text)
    EXTI1_IRQHandler                         0x0800408b   Thumb Code     0  startup_stm32f4xx.o(.text)
    EXTI2_IRQHandler                         0x0800408b   Thumb Code     0  startup_stm32f4xx.o(.text)
    EXTI3_IRQHandler                         0x0800408b   Thumb Code     0  startup_stm32f4xx.o(.text)
    EXTI4_IRQHandler                         0x0800408b   Thumb Code     0  startup_stm32f4xx.o(.text)
    FLASH_IRQHandler                         0x0800408b   Thumb Code     0  startup_stm32f4xx.o(.text)
    FPU_IRQHandler                           0x0800408b   Thumb Code     0  startup_stm32f4xx.o(.text)
    FSMC_IRQHandler                          0x0800408b   Thumb Code     0  startup_stm32f4xx.o(.text)
    HASH_RNG_IRQHandler                      0x0800408b   Thumb Code     0  startup_stm32f4xx.o(.text)
    I2C1_ER_IRQHandler                       0x0800408b   Thumb Code     0  startup_stm32f4xx.o(.text)
    I2C1_EV_IRQHandler                       0x0800408b   Thumb Code     0  startup_stm32f4xx.o(.text)
    I2C2_ER_IRQHandler                       0x0800408b   Thumb Code     0  startup_stm32f4xx.o(.text)
    I2C2_EV_IRQHandler                       0x0800408b   Thumb Code     0  startup_stm32f4xx.o(.text)
    I2C3_ER_IRQHandler                       0x0800408b   Thumb Code     0  startup_stm32f4xx.o(.text)
    I2C3_EV_IRQHandler                       0x0800408b   Thumb Code     0  startup_stm32f4xx.o(.text)
    OTG_FS_IRQHandler                        0x0800408b   Thumb Code     0  startup_stm32f4xx.o(.text)
    OTG_FS_WKUP_IRQHandler                   0x0800408b   Thumb Code     0  startup_stm32f4xx.o(.text)
    OTG_HS_EP1_IN_IRQHandler                 0x0800408b   Thumb Code     0  startup_stm32f4xx.o(.text)
    OTG_HS_EP1_OUT_IRQHandler                0x0800408b   Thumb Code     0  startup_stm32f4xx.o(.text)
    OTG_HS_IRQHandler                        0x0800408b   Thumb Code     0  startup_stm32f4xx.o(.text)
    OTG_HS_WKUP_IRQHandler                   0x0800408b   Thumb Code     0  startup_stm32f4xx.o(.text)
    PVD_IRQHandler                           0x0800408b   Thumb Code     0  startup_stm32f4xx.o(.text)
    RCC_IRQHandler                           0x0800408b   Thumb Code     0  startup_stm32f4xx.o(.text)
    RTC_Alarm_IRQHandler                     0x0800408b   Thumb Code     0  startup_stm32f4xx.o(.text)
    RTC_WKUP_IRQHandler                      0x0800408b   Thumb Code     0  startup_stm32f4xx.o(.text)
    SDIO_IRQHandler                          0x0800408b   Thumb Code     0  startup_stm32f4xx.o(.text)
    SPI1_IRQHandler                          0x0800408b   Thumb Code     0  startup_stm32f4xx.o(.text)
    SPI2_IRQHandler                          0x0800408b   Thumb Code     0  startup_stm32f4xx.o(.text)
    SPI3_IRQHandler                          0x0800408b   Thumb Code     0  startup_stm32f4xx.o(.text)
    TAMP_STAMP_IRQHandler                    0x0800408b   Thumb Code     0  startup_stm32f4xx.o(.text)
    TIM1_BRK_TIM9_IRQHandler                 0x0800408b   Thumb Code     0  startup_stm32f4xx.o(.text)
    TIM1_CC_IRQHandler                       0x0800408b   Thumb Code     0  startup_stm32f4xx.o(.text)
    TIM1_TRG_COM_TIM11_IRQHandler            0x0800408b   Thumb Code     0  startup_stm32f4xx.o(.text)
    TIM1_UP_TIM10_IRQHandler                 0x0800408b   Thumb Code     0  startup_stm32f4xx.o(.text)
    TIM2_IRQHandler                          0x0800408b   Thumb Code     0  startup_stm32f4xx.o(.text)
    TIM5_IRQHandler                          0x0800408b   Thumb Code     0  startup_stm32f4xx.o(.text)
    TIM6_DAC_IRQHandler                      0x0800408b   Thumb Code     0  startup_stm32f4xx.o(.text)
    TIM8_BRK_TIM12_IRQHandler                0x0800408b   Thumb Code     0  startup_stm32f4xx.o(.text)
    TIM8_CC_IRQHandler                       0x0800408b   Thumb Code     0  startup_stm32f4xx.o(.text)
    TIM8_TRG_COM_TIM14_IRQHandler            0x0800408b   Thumb Code     0  startup_stm32f4xx.o(.text)
    TIM8_UP_TIM13_IRQHandler                 0x0800408b   Thumb Code     0  startup_stm32f4xx.o(.text)
    WWDG_IRQHandler                          0x0800408b   Thumb Code     0  startup_stm32f4xx.o(.text)
    SystemInit                               0x08004171   Thumb Code    88  system_stm32f4xx.o(.text)
    SystemCoreClockUpdate                    0x080041c9   Thumb Code   174  system_stm32f4xx.o(.text)
    NVIC_PriorityGroupConfig                 0x080042a5   Thumb Code    54  misc.o(.text)
    NVIC_Init                                0x080042db   Thumb Code   164  misc.o(.text)
    NVIC_SetVectorTable                      0x0800437f   Thumb Code    60  misc.o(.text)
    NVIC_SystemLPConfig                      0x080043bb   Thumb Code    78  misc.o(.text)
    SysTick_CLKSourceConfig                  0x08004409   Thumb Code    62  misc.o(.text)
    ADC_DeInit                               0x08004465   Thumb Code    22  stm32f4xx_adc.o(.text)
    ADC_Init                                 0x0800447b   Thumb Code   402  stm32f4xx_adc.o(.text)
    ADC_StructInit                           0x0800460d   Thumb Code    20  stm32f4xx_adc.o(.text)
    ADC_CommonInit                           0x08004621   Thumb Code   342  stm32f4xx_adc.o(.text)
    ADC_CommonStructInit                     0x08004777   Thumb Code    12  stm32f4xx_adc.o(.text)
    ADC_Cmd                                  0x08004783   Thumb Code    76  stm32f4xx_adc.o(.text)
    ADC_AnalogWatchdogCmd                    0x080047cf   Thumb Code   102  stm32f4xx_adc.o(.text)
    ADC_AnalogWatchdogThresholdsConfig       0x08004835   Thumb Code   126  stm32f4xx_adc.o(.text)
    ADC_AnalogWatchdogSingleChannelConfig    0x080048b3   Thumb Code   136  stm32f4xx_adc.o(.text)
    ADC_TempSensorVrefintCmd                 0x0800493b   Thumb Code    56  stm32f4xx_adc.o(.text)
    ADC_VBATCmd                              0x08004973   Thumb Code    56  stm32f4xx_adc.o(.text)
    ADC_RegularChannelConfig                 0x080049ab   Thumb Code   408  stm32f4xx_adc.o(.text)
    ADC_SoftwareStartConv                    0x08004b43   Thumb Code    44  stm32f4xx_adc.o(.text)
    ADC_GetSoftwareStartConvStatus           0x08004b6f   Thumb Code    54  stm32f4xx_adc.o(.text)
    ADC_EOCOnEachRegularChannelCmd           0x08004ba5   Thumb Code    76  stm32f4xx_adc.o(.text)
    ADC_ContinuousModeCmd                    0x08004bf1   Thumb Code    76  stm32f4xx_adc.o(.text)
    ADC_DiscModeChannelCountConfig           0x08004c3d   Thumb Code   100  stm32f4xx_adc.o(.text)
    ADC_DiscModeCmd                          0x08004ca1   Thumb Code    76  stm32f4xx_adc.o(.text)
    ADC_GetConversionValue                   0x08004ced   Thumb Code    40  stm32f4xx_adc.o(.text)
    ADC_GetMultiModeConversionValue          0x08004d15   Thumb Code     6  stm32f4xx_adc.o(.text)
    ADC_DMACmd                               0x08004d1b   Thumb Code    76  stm32f4xx_adc.o(.text)
    ADC_DMARequestAfterLastTransferCmd       0x08004d67   Thumb Code    76  stm32f4xx_adc.o(.text)
    ADC_MultiModeDMARequestAfterLastTransferCmd 0x08004db3   Thumb Code    60  stm32f4xx_adc.o(.text)
    ADC_InjectedChannelConfig                0x08004def   Thumb Code   332  stm32f4xx_adc.o(.text)
    ADC_InjectedSequencerLengthConfig        0x08004f3b   Thumb Code    80  stm32f4xx_adc.o(.text)
    ADC_SetInjectedOffset                    0x08004f8b   Thumb Code   102  stm32f4xx_adc.o(.text)
    ADC_ExternalTrigInjectedConvConfig       0x08004ff1   Thumb Code   176  stm32f4xx_adc.o(.text)
    ADC_ExternalTrigInjectedConvEdgeConfig   0x080050a1   Thumb Code    82  stm32f4xx_adc.o(.text)
    ADC_SoftwareStartInjectedConv            0x080050f3   Thumb Code    44  stm32f4xx_adc.o(.text)
    ADC_GetSoftwareStartInjectedConvCmdStatus 0x0800511f   Thumb Code    54  stm32f4xx_adc.o(.text)
    ADC_AutoInjectedConvCmd                  0x08005155   Thumb Code    76  stm32f4xx_adc.o(.text)
    ADC_InjectedDiscModeCmd                  0x080051a1   Thumb Code    76  stm32f4xx_adc.o(.text)
    ADC_GetInjectedConversionValue           0x080051ed   Thumb Code    88  stm32f4xx_adc.o(.text)
    ADC_ITConfig                             0x08005245   Thumb Code   130  stm32f4xx_adc.o(.text)
    ADC_GetFlagStatus                        0x080052c7   Thumb Code    90  stm32f4xx_adc.o(.text)
    ADC_ClearFlag                            0x08005321   Thumb Code    62  stm32f4xx_adc.o(.text)
    ADC_GetITStatus                          0x0800535f   Thumb Code   122  stm32f4xx_adc.o(.text)
    ADC_ClearITPendingBit                    0x080053d9   Thumb Code    88  stm32f4xx_adc.o(.text)
    DMA_DeInit                               0x08005441   Thumb Code   462  stm32f4xx_dma.o(.text)
    DMA_Init                                 0x0800560f   Thumb Code   684  stm32f4xx_dma.o(.text)
    DMA_StructInit                           0x080058bb   Thumb Code    34  stm32f4xx_dma.o(.text)
    DMA_Cmd                                  0x080058dd   Thumb Code   182  stm32f4xx_dma.o(.text)
    DMA_PeriphIncOffsetSizeConfig            0x08005993   Thumb Code   184  stm32f4xx_dma.o(.text)
    DMA_FlowControllerConfig                 0x08005a4b   Thumb Code   182  stm32f4xx_dma.o(.text)
    DMA_SetCurrDataCounter                   0x08005b01   Thumb Code   146  stm32f4xx_dma.o(.text)
    DMA_GetCurrDataCounter                   0x08005b93   Thumb Code   146  stm32f4xx_dma.o(.text)
    DMA_DoubleBufferModeConfig               0x08005c25   Thumb Code   204  stm32f4xx_dma.o(.text)
    DMA_DoubleBufferModeCmd                  0x08005cf1   Thumb Code   182  stm32f4xx_dma.o(.text)
    DMA_MemoryTargetConfig                   0x08005da7   Thumb Code   174  stm32f4xx_dma.o(.text)
    DMA_GetCurrentMemoryTarget               0x08005e55   Thumb Code   160  stm32f4xx_dma.o(.text)
    DMA_GetCmdStatus                         0x08005ef5   Thumb Code   160  stm32f4xx_dma.o(.text)
    DMA_GetFIFOStatus                        0x08005f95   Thumb Code   152  stm32f4xx_dma.o(.text)
    DMA_GetFlagStatus                        0x0800602d   Thumb Code   486  stm32f4xx_dma.o(.text)
    DMA_ClearFlag                            0x08006213   Thumb Code   216  stm32f4xx_dma.o(.text)
    DMA_ITConfig                             0x080062eb   Thumb Code   238  stm32f4xx_dma.o(.text)
    DMA_GetITStatus                          0x080063d9   Thumb Code   590  stm32f4xx_dma.o(.text)
    DMA_ClearITPendingBit                    0x08006627   Thumb Code   216  stm32f4xx_dma.o(.text)
    EXTI_DeInit                              0x080067a9   Thumb Code    28  stm32f4xx_exti.o(.text)
    EXTI_Init                                0x080067c5   Thumb Code   236  stm32f4xx_exti.o(.text)
    EXTI_StructInit                          0x080068b1   Thumb Code    16  stm32f4xx_exti.o(.text)
    EXTI_GenerateSWInterrupt                 0x080068c1   Thumb Code    38  stm32f4xx_exti.o(.text)
    EXTI_GetFlagStatus                       0x080068e7   Thumb Code   158  stm32f4xx_exti.o(.text)
    EXTI_ClearFlag                           0x08006985   Thumb Code    30  stm32f4xx_exti.o(.text)
    EXTI_GetITStatus                         0x080069a3   Thumb Code   172  stm32f4xx_exti.o(.text)
    EXTI_ClearITPendingBit                   0x08006a4f   Thumb Code    32  stm32f4xx_exti.o(.text)
    GPIO_DeInit                              0x08006a7d   Thumb Code   284  stm32f4xx_gpio.o(.text)
    GPIO_Init                                0x08006b99   Thumb Code   342  stm32f4xx_gpio.o(.text)
    GPIO_StructInit                          0x08006cef   Thumb Code    18  stm32f4xx_gpio.o(.text)
    GPIO_PinLockConfig                       0x08006d01   Thumb Code   122  stm32f4xx_gpio.o(.text)
    GPIO_ReadInputDataBit                    0x08006d7b   Thumb Code   182  stm32f4xx_gpio.o(.text)
    GPIO_ReadInputData                       0x08006e31   Thumb Code   116  stm32f4xx_gpio.o(.text)
    GPIO_ReadOutputDataBit                   0x08006ea5   Thumb Code   182  stm32f4xx_gpio.o(.text)
    GPIO_ReadOutputData                      0x08006f5b   Thumb Code    76  stm32f4xx_gpio.o(.text)
    GPIO_SetBits                             0x08006fa7   Thumb Code    94  stm32f4xx_gpio.o(.text)
    GPIO_ResetBits                           0x08007005   Thumb Code    94  stm32f4xx_gpio.o(.text)
    GPIO_WriteBit                            0x08007063   Thumb Code   194  stm32f4xx_gpio.o(.text)
    GPIO_Write                               0x08007125   Thumb Code    76  stm32f4xx_gpio.o(.text)
    GPIO_ToggleBits                          0x08007171   Thumb Code    80  stm32f4xx_gpio.o(.text)
    GPIO_PinAFConfig                         0x080071c1   Thumb Code   382  stm32f4xx_gpio.o(.text)
    RCC_DeInit                               0x08007345   Thumb Code    60  stm32f4xx_rcc.o(.text)
    RCC_HSEConfig                            0x08007381   Thumb Code    38  stm32f4xx_rcc.o(.text)
    RCC_GetFlagStatus                        0x080073a7   Thumb Code   130  stm32f4xx_rcc.o(.text)
    RCC_WaitForHSEStartUp                    0x08007429   Thumb Code    56  stm32f4xx_rcc.o(.text)
    RCC_AdjustHSICalibrationValue            0x08007461   Thumb Code    38  stm32f4xx_rcc.o(.text)
    RCC_HSICmd                               0x08007487   Thumb Code    28  stm32f4xx_rcc.o(.text)
    RCC_LSEConfig                            0x080074a3   Thumb Code    72  stm32f4xx_rcc.o(.text)
    RCC_LSICmd                               0x080074eb   Thumb Code    28  stm32f4xx_rcc.o(.text)
    RCC_PLLConfig                            0x08007507   Thumb Code   156  stm32f4xx_rcc.o(.text)
    RCC_PLLCmd                               0x080075a3   Thumb Code    28  stm32f4xx_rcc.o(.text)
    RCC_PLLI2SConfig                         0x080075bf   Thumb Code    62  stm32f4xx_rcc.o(.text)
    RCC_PLLI2SCmd                            0x080075fd   Thumb Code    28  stm32f4xx_rcc.o(.text)
    RCC_ClockSecuritySystemCmd               0x08007619   Thumb Code    28  stm32f4xx_rcc.o(.text)
    RCC_MCO1Config                           0x08007635   Thumb Code   102  stm32f4xx_rcc.o(.text)
    RCC_MCO2Config                           0x0800769b   Thumb Code   102  stm32f4xx_rcc.o(.text)
    RCC_SYSCLKConfig                         0x08007701   Thumb Code    68  stm32f4xx_rcc.o(.text)
    RCC_GetSYSCLKSource                      0x08007745   Thumb Code    10  stm32f4xx_rcc.o(.text)
    RCC_HCLKConfig                           0x0800774f   Thumb Code    66  stm32f4xx_rcc.o(.text)
    RCC_PCLK1Config                          0x08007791   Thumb Code    58  stm32f4xx_rcc.o(.text)
    RCC_PCLK2Config                          0x080077cb   Thumb Code    60  stm32f4xx_rcc.o(.text)
    RCC_GetClocksFreq                        0x08007807   Thumb Code   214  stm32f4xx_rcc.o(.text)
    RCC_RTCCLKConfig                         0x080078dd   Thumb Code   260  stm32f4xx_rcc.o(.text)
    RCC_RTCCLKCmd                            0x080079e1   Thumb Code    28  stm32f4xx_rcc.o(.text)
    RCC_BackupResetCmd                       0x080079fd   Thumb Code    30  stm32f4xx_rcc.o(.text)
    RCC_I2SCLKConfig                         0x08007a1b   Thumb Code    28  stm32f4xx_rcc.o(.text)
    RCC_AHB1PeriphClockCmd                   0x08007a37   Thumb Code    78  stm32f4xx_rcc.o(.text)
    RCC_AHB2PeriphClockCmd                   0x08007a85   Thumb Code    78  stm32f4xx_rcc.o(.text)
    RCC_AHB3PeriphClockCmd                   0x08007ad3   Thumb Code   234  stm32f4xx_rcc.o(.text)
    RCC_APB1PeriphClockCmd                   0x08007bbd   Thumb Code    70  stm32f4xx_rcc.o(.text)
    RCC_APB2PeriphClockCmd                   0x08007c03   Thumb Code    78  stm32f4xx_rcc.o(.text)
    RCC_AHB1PeriphResetCmd                   0x08007c51   Thumb Code    78  stm32f4xx_rcc.o(.text)
    RCC_AHB2PeriphResetCmd                   0x08007c9f   Thumb Code    78  stm32f4xx_rcc.o(.text)
    RCC_AHB3PeriphResetCmd                   0x08007ced   Thumb Code    78  stm32f4xx_rcc.o(.text)
    RCC_APB1PeriphResetCmd                   0x08007d3b   Thumb Code    78  stm32f4xx_rcc.o(.text)
    RCC_APB2PeriphResetCmd                   0x08007d89   Thumb Code    78  stm32f4xx_rcc.o(.text)
    RCC_AHB1PeriphClockLPModeCmd             0x08007dd7   Thumb Code    78  stm32f4xx_rcc.o(.text)
    RCC_AHB2PeriphClockLPModeCmd             0x08007e25   Thumb Code    78  stm32f4xx_rcc.o(.text)
    RCC_AHB3PeriphClockLPModeCmd             0x08007e73   Thumb Code    78  stm32f4xx_rcc.o(.text)
    RCC_APB1PeriphClockLPModeCmd             0x08007ec1   Thumb Code    78  stm32f4xx_rcc.o(.text)
    RCC_APB2PeriphClockLPModeCmd             0x08007f0f   Thumb Code    78  stm32f4xx_rcc.o(.text)
    RCC_ITConfig                             0x08007f5d   Thumb Code   108  stm32f4xx_rcc.o(.text)
    RCC_ClearFlag                            0x08007fc9   Thumb Code    14  stm32f4xx_rcc.o(.text)
    RCC_GetITStatus                          0x08007fd7   Thumb Code    66  stm32f4xx_rcc.o(.text)
    RCC_ClearITPendingBit                    0x08008019   Thumb Code    32  stm32f4xx_rcc.o(.text)
    TIM_DeInit                               0x08008041   Thumb Code   440  stm32f4xx_tim.o(.text)
    TIM_TimeBaseInit                         0x080081f9   Thumb Code   278  stm32f4xx_tim.o(.text)
    TIM_TimeBaseStructInit                   0x0800830f   Thumb Code    18  stm32f4xx_tim.o(.text)
    TIM_PrescalerConfig                      0x08008321   Thumb Code   128  stm32f4xx_tim.o(.text)
    TIM_CounterModeConfig                    0x080083a1   Thumb Code   100  stm32f4xx_tim.o(.text)
    TIM_SetCounter                           0x08008405   Thumb Code   164  stm32f4xx_tim.o(.text)
    TIM_SetAutoreload                        0x080084a9   Thumb Code   106  stm32f4xx_tim.o(.text)
    TIM_GetCounter                           0x08008513   Thumb Code   104  stm32f4xx_tim.o(.text)
    TIM_GetPrescaler                         0x0800857b   Thumb Code   104  stm32f4xx_tim.o(.text)
    TIM_UpdateDisableConfig                  0x080085e3   Thumb Code   144  stm32f4xx_tim.o(.text)
    TIM_UpdateRequestConfig                  0x08008673   Thumb Code   144  stm32f4xx_tim.o(.text)
    TIM_ARRPreloadConfig                     0x08008703   Thumb Code   144  stm32f4xx_tim.o(.text)
    TIM_SelectOnePulseMode                   0x08008793   Thumb Code   138  stm32f4xx_tim.o(.text)
    TIM_SetClockDivision                     0x0800881d   Thumb Code   190  stm32f4xx_tim.o(.text)
    TIM_Cmd                                  0x080088db   Thumb Code   144  stm32f4xx_tim.o(.text)
    TIM_OC1Init                              0x0800896b   Thumb Code   400  stm32f4xx_tim.o(.text)
    TIM_OC2Init                              0x08008afb   Thumb Code   474  stm32f4xx_tim.o(.text)
    TIM_OC3Init                              0x08008cd5   Thumb Code   400  stm32f4xx_tim.o(.text)
    TIM_OC4Init                              0x08008e65   Thumb Code   290  stm32f4xx_tim.o(.text)
    TIM_OCStructInit                         0x08008f87   Thumb Code    20  stm32f4xx_tim.o(.text)
    TIM_SelectOCxM                           0x08008f9b   Thumb Code   250  stm32f4xx_tim.o(.text)
    TIM_SetCompare1                          0x08009095   Thumb Code   144  stm32f4xx_tim.o(.text)
    TIM_SetCompare2                          0x08009125   Thumb Code    70  stm32f4xx_tim.o(.text)
    TIM_SetCompare3                          0x0800916b   Thumb Code    58  stm32f4xx_tim.o(.text)
    TIM_SetCompare4                          0x080091a5   Thumb Code    58  stm32f4xx_tim.o(.text)
    TIM_ForcedOC1Config                      0x080091df   Thumb Code   126  stm32f4xx_tim.o(.text)
    TIM_ForcedOC2Config                      0x0800925d   Thumb Code   110  stm32f4xx_tim.o(.text)
    TIM_ForcedOC3Config                      0x080092cb   Thumb Code    90  stm32f4xx_tim.o(.text)
    TIM_ForcedOC4Config                      0x08009325   Thumb Code    98  stm32f4xx_tim.o(.text)
    TIM_OC1PreloadConfig                     0x08009387   Thumb Code   124  stm32f4xx_tim.o(.text)
    TIM_OC2PreloadConfig                     0x08009403   Thumb Code   108  stm32f4xx_tim.o(.text)
    TIM_OC3PreloadConfig                     0x0800946f   Thumb Code    88  stm32f4xx_tim.o(.text)
    TIM_OC4PreloadConfig                     0x080094c7   Thumb Code   146  stm32f4xx_tim.o(.text)
    TIM_OC1FastConfig                        0x08009559   Thumb Code   124  stm32f4xx_tim.o(.text)
    TIM_OC2FastConfig                        0x080095d5   Thumb Code   108  stm32f4xx_tim.o(.text)
    TIM_OC3FastConfig                        0x08009641   Thumb Code    88  stm32f4xx_tim.o(.text)
    TIM_OC4FastConfig                        0x08009699   Thumb Code    96  stm32f4xx_tim.o(.text)
    TIM_ClearOC1Ref                          0x080096f9   Thumb Code   124  stm32f4xx_tim.o(.text)
    TIM_ClearOC2Ref                          0x08009775   Thumb Code   106  stm32f4xx_tim.o(.text)
    TIM_ClearOC3Ref                          0x080097df   Thumb Code    88  stm32f4xx_tim.o(.text)
    TIM_ClearOC4Ref                          0x08009837   Thumb Code    94  stm32f4xx_tim.o(.text)
    TIM_OC1PolarityConfig                    0x08009895   Thumb Code   124  stm32f4xx_tim.o(.text)
    TIM_OC1NPolarityConfig                   0x08009911   Thumb Code   114  stm32f4xx_tim.o(.text)
    TIM_OC2PolarityConfig                    0x08009983   Thumb Code   108  stm32f4xx_tim.o(.text)
    TIM_OC2NPolarityConfig                   0x080099ef   Thumb Code    72  stm32f4xx_tim.o(.text)
    TIM_OC3PolarityConfig                    0x08009a37   Thumb Code    96  stm32f4xx_tim.o(.text)
    TIM_OC3NPolarityConfig                   0x08009a97   Thumb Code    72  stm32f4xx_tim.o(.text)
    TIM_OC4PolarityConfig                    0x08009adf   Thumb Code    96  stm32f4xx_tim.o(.text)
    TIM_CCxCmd                               0x08009b3f   Thumb Code   168  stm32f4xx_tim.o(.text)
    TIM_CCxNCmd                              0x08009be7   Thumb Code   104  stm32f4xx_tim.o(.text)
    TIM_SetIC4Prescaler                      0x08009c4f   Thumb Code   106  stm32f4xx_tim.o(.text)
    TIM_SetIC3Prescaler                      0x08009d09   Thumb Code   148  stm32f4xx_tim.o(.text)
    TIM_SetIC2Prescaler                      0x08009de5   Thumb Code   118  stm32f4xx_tim.o(.text)
    TIM_SetIC1Prescaler                      0x08009eab   Thumb Code   134  stm32f4xx_tim.o(.text)
    TIM_ICInit                               0x08009f6b   Thumb Code   460  stm32f4xx_tim.o(.text)
    TIM_ICStructInit                         0x0800a137   Thumb Code    18  stm32f4xx_tim.o(.text)
    TIM_PWMIConfig                           0x0800a149   Thumb Code   234  stm32f4xx_tim.o(.text)
    TIM_GetCapture1                          0x0800a233   Thumb Code    92  stm32f4xx_tim.o(.text)
    TIM_GetCapture2                          0x0800a28f   Thumb Code    68  stm32f4xx_tim.o(.text)
    TIM_GetCapture3                          0x0800a2d3   Thumb Code    56  stm32f4xx_tim.o(.text)
    TIM_GetCapture4                          0x0800a30b   Thumb Code    56  stm32f4xx_tim.o(.text)
    TIM_BDTRConfig                           0x0800a343   Thumb Code   222  stm32f4xx_tim.o(.text)
    TIM_BDTRStructInit                       0x0800a421   Thumb Code    18  stm32f4xx_tim.o(.text)
    TIM_CtrlPWMOutputs                       0x0800a433   Thumb Code    78  stm32f4xx_tim.o(.text)
    TIM_SelectCOM                            0x0800a481   Thumb Code    72  stm32f4xx_tim.o(.text)
    TIM_CCPreloadControl                     0x0800a4c9   Thumb Code    72  stm32f4xx_tim.o(.text)
    TIM_ITConfig                             0x0800a511   Thumb Code   216  stm32f4xx_tim.o(.text)
    TIM_GenerateEvent                        0x0800a5e9   Thumb Code   126  stm32f4xx_tim.o(.text)
    TIM_GetFlagStatus                        0x0800a667   Thumb Code   188  stm32f4xx_tim.o(.text)
    TIM_ClearFlag                            0x0800a723   Thumb Code   108  stm32f4xx_tim.o(.text)
    TIM_GetITStatus                          0x0800a78f   Thumb Code   186  stm32f4xx_tim.o(.text)
    TIM_ClearITPendingBit                    0x0800a849   Thumb Code   108  stm32f4xx_tim.o(.text)
    TIM_DMAConfig                            0x0800a8b5   Thumb Code   328  stm32f4xx_tim.o(.text)
    TIM_DMACmd                               0x0800a9fd   Thumb Code   126  stm32f4xx_tim.o(.text)
    TIM_SelectCCDMA                          0x0800aa7b   Thumb Code    96  stm32f4xx_tim.o(.text)
    TIM_InternalClockConfig                  0x0800aadb   Thumb Code    76  stm32f4xx_tim.o(.text)
    TIM_SelectInputTrigger                   0x0800ab27   Thumb Code   148  stm32f4xx_tim.o(.text)
    TIM_ITRxExternalClockConfig              0x0800abbb   Thumb Code   110  stm32f4xx_tim.o(.text)
    TIM_TIxExternalClockConfig               0x0800ac29   Thumb Code   184  stm32f4xx_tim.o(.text)
    TIM_ETRConfig                            0x0800ace1   Thumb Code   164  stm32f4xx_tim.o(.text)
    TIM_ETRClockMode1Config                  0x0800ad85   Thumb Code   228  stm32f4xx_tim.o(.text)
    TIM_ETRClockMode2Config                  0x0800ae69   Thumb Code   152  stm32f4xx_tim.o(.text)
    TIM_SelectOutputTrigger                  0x0800af01   Thumb Code   126  stm32f4xx_tim.o(.text)
    TIM_SelectSlaveMode                      0x0800af7f   Thumb Code   112  stm32f4xx_tim.o(.text)
    TIM_SelectMasterSlaveMode                0x0800afef   Thumb Code   102  stm32f4xx_tim.o(.text)
    TIM_EncoderInterfaceConfig               0x0800b055   Thumb Code   226  stm32f4xx_tim.o(.text)
    TIM_SelectHallSensor                     0x0800b137   Thumb Code   108  stm32f4xx_tim.o(.text)
    TIM_RemapConfig                          0x0800b1a3   Thumb Code   138  stm32f4xx_tim.o(.text)
    USART_DeInit                             0x0800b22d   Thumb Code   202  stm32f4xx_usart.o(.text)
    USART_Init                               0x0800b2f7   Thumb Code   456  stm32f4xx_usart.o(.text)
    USART_StructInit                         0x0800b4bf   Thumb Code    24  stm32f4xx_usart.o(.text)
    USART_ClockInit                          0x0800b4d7   Thumb Code   166  stm32f4xx_usart.o(.text)
    USART_ClockStructInit                    0x0800b57d   Thumb Code    12  stm32f4xx_usart.o(.text)
    USART_Cmd                                0x0800b589   Thumb Code    96  stm32f4xx_usart.o(.text)
    USART_SetPrescaler                       0x0800b5e9   Thumb Code   102  stm32f4xx_usart.o(.text)
    USART_OverSampling8Cmd                   0x0800b64f   Thumb Code    94  stm32f4xx_usart.o(.text)
    USART_OneBitMethodCmd                    0x0800b6ad   Thumb Code    96  stm32f4xx_usart.o(.text)
    USART_SendData                           0x0800b70d   Thumb Code    80  stm32f4xx_usart.o(.text)
    USART_ReceiveData                        0x0800b75d   Thumb Code    60  stm32f4xx_usart.o(.text)
    USART_SetAddress                         0x0800b799   Thumb Code    88  stm32f4xx_usart.o(.text)
    USART_ReceiverWakeUpCmd                  0x0800b7f1   Thumb Code    96  stm32f4xx_usart.o(.text)
    USART_WakeUpConfig                       0x0800b851   Thumb Code    92  stm32f4xx_usart.o(.text)
    USART_LINBreakDetectLengthConfig         0x0800b8ad   Thumb Code    90  stm32f4xx_usart.o(.text)
    USART_LINCmd                             0x0800b907   Thumb Code    96  stm32f4xx_usart.o(.text)
    USART_SendBreak                          0x0800b967   Thumb Code    62  stm32f4xx_usart.o(.text)
    USART_HalfDuplexCmd                      0x0800b9a5   Thumb Code    96  stm32f4xx_usart.o(.text)
    USART_SetGuardTime                       0x0800ba05   Thumb Code    86  stm32f4xx_usart.o(.text)
    USART_SmartCardCmd                       0x0800ba5b   Thumb Code    84  stm32f4xx_usart.o(.text)
    USART_SmartCardNACKCmd                   0x0800baaf   Thumb Code    84  stm32f4xx_usart.o(.text)
    USART_IrDAConfig                         0x0800bb03   Thumb Code    90  stm32f4xx_usart.o(.text)
    USART_IrDACmd                            0x0800bb5d   Thumb Code    96  stm32f4xx_usart.o(.text)
    USART_DMACmd                             0x0800bbbd   Thumb Code   114  stm32f4xx_usart.o(.text)
    USART_ITConfig                           0x0800bc2f   Thumb Code   260  stm32f4xx_usart.o(.text)
    USART_GetFlagStatus                      0x0800bd33   Thumb Code   170  stm32f4xx_usart.o(.text)
    USART_ClearFlag                          0x0800bddd   Thumb Code   158  stm32f4xx_usart.o(.text)
    USART_GetITStatus                        0x0800be7b   Thumb Code   278  stm32f4xx_usart.o(.text)
    USART_ClearITPendingBit                  0x0800bf91   Thumb Code   164  stm32f4xx_usart.o(.text)
    __aeabi_dadd                             0x0800c051   Thumb Code   322  dadd.o(.text)
    __aeabi_dsub                             0x0800c193   Thumb Code     6  dadd.o(.text)
    __aeabi_drsub                            0x0800c199   Thumb Code     6  dadd.o(.text)
    __aeabi_dmul                             0x0800c19f   Thumb Code   228  dmul.o(.text)
    __aeabi_i2d                              0x0800c283   Thumb Code    34  dflti.o(.text)
    __aeabi_cdcmpeq                          0x0800c2a5   Thumb Code     0  cdcmple.o(.text)
    __aeabi_cdcmple                          0x0800c2a5   Thumb Code    48  cdcmple.o(.text)
    __aeabi_cdrcmple                         0x0800c2d5   Thumb Code    48  cdrcmple.o(.text)
    __aeabi_d2f                              0x0800c305   Thumb Code    56  d2f.o(.text)
    __aeabi_llsl                             0x0800c33d   Thumb Code    30  llshl.o(.text)
    _ll_shift_l                              0x0800c33d   Thumb Code     0  llshl.o(.text)
    __aeabi_lasr                             0x0800c35b   Thumb Code    36  llsshr.o(.text)
    _ll_sshift_r                             0x0800c35b   Thumb Code     0  llsshr.o(.text)
    __I$use$fp                               0x0800c37f   Thumb Code     0  iusefp.o(.text)
    _float_round                             0x0800c37f   Thumb Code    18  fepilogue.o(.text)
    _float_epilogue                          0x0800c391   Thumb Code    92  fepilogue.o(.text)
    _double_round                            0x0800c3ed   Thumb Code    30  depilogue.o(.text)
    _double_epilogue                         0x0800c40b   Thumb Code   156  depilogue.o(.text)
    __scatterload                            0x0800c4a9   Thumb Code    28  init.o(.text)
    __scatterload_rt2                        0x0800c4a9   Thumb Code     0  init.o(.text)
    __aeabi_llsr                             0x0800c4cd   Thumb Code    32  llushr.o(.text)
    _ll_ushift_r                             0x0800c4cd   Thumb Code     0  llushr.o(.text)
    __decompress                             0x0800c4ed   Thumb Code     0  __dczerorl2.o(.text)
    __decompress1                            0x0800c4ed   Thumb Code    86  __dczerorl2.o(.text)
    __scatterload_copy                       0x0800c543   Thumb Code    14  handlers.o(i.__scatterload_copy)
    __scatterload_null                       0x0800c551   Thumb Code     2  handlers.o(i.__scatterload_null)
    __scatterload_zeroinit                   0x0800c553   Thumb Code    14  handlers.o(i.__scatterload_zeroinit)
    fast_atan_table                          0x0800c560   Data        1028  ano_math.o(.constdata)
    Region$$Table$$Base                      0x0800cbf8   Number         0  anon$$obj.o(Region$$Table)
    Region$$Table$$Limit                     0x0800cc18   Number         0  anon$$obj.o(Region$$Table)
    fc_bat                                   0x20000066   Data           4  ano_lx.o(.data)
    fc_att                                   0x2000006a   Data           7  ano_lx.o(.data)
    fc_vel                                   0x20000071   Data           6  ano_lx.o(.data)
    sti_fun                                  0x2000008a   Data           2  lx_fc_state.o(.data)
    pvt_receive_updata                       0x200000a6   Data           1  drv_ubloxgps.o(.data)
    fre_test_cnt                             0x200000a8   Data           2  drv_ubloxgps.o(.data)
    Period_Out_H                             0x200000aa   Data          14  drv_ubloxgps.o(.data)
    Period_Out_L                             0x200000b8   Data          14  drv_ubloxgps.o(.data)
    Pulse_Period                             0x200000c6   Data          28  drv_ubloxgps.o(.data)
    Baud115200                               0x200000e2   Data          28  drv_ubloxgps.o(.data)
    Save_Con                                 0x200000fe   Data          21  drv_ubloxgps.o(.data)
    POLLSH_SET                               0x20000113   Data          11  drv_ubloxgps.o(.data)
    SOL_SET                                  0x2000011e   Data          11  drv_ubloxgps.o(.data)
    VELNED_SET                               0x20000129   Data          11  drv_ubloxgps.o(.data)
    TIMEUTC_SET                              0x20000134   Data          11  drv_ubloxgps.o(.data)
    DOP_SET                                  0x2000013f   Data          11  drv_ubloxgps.o(.data)
    PVT_SET                                  0x2000014a   Data          11  drv_ubloxgps.o(.data)
    pvt_recerve_ok_cnt                       0x2000015a   Data           1  drv_ubloxgps.o(.data)
    led                                      0x20000168   Data           4  drv_led.o(.data)
    Tx1Counter                               0x20000178   Data           1  drv_uart.o(.data)
    count1                                   0x20000179   Data           1  drv_uart.o(.data)
    U1RxInCnt                                0x2000017a   Data           1  drv_uart.o(.data)
    U1RxoutCnt                               0x2000017b   Data           1  drv_uart.o(.data)
    TxCounter                                0x2000017c   Data           1  drv_uart.o(.data)
    count                                    0x2000017d   Data           1  drv_uart.o(.data)
    U2RxInCnt                                0x2000017e   Data           1  drv_uart.o(.data)
    U2RxoutCnt                               0x2000017f   Data           1  drv_uart.o(.data)
    Tx3Counter                               0x20000180   Data           1  drv_uart.o(.data)
    count3                                   0x20000181   Data           1  drv_uart.o(.data)
    U3RxInCnt                                0x20000182   Data           1  drv_uart.o(.data)
    U3RxoutCnt                               0x20000183   Data           1  drv_uart.o(.data)
    Tx4Counter                               0x20000184   Data           1  drv_uart.o(.data)
    count4                                   0x20000185   Data           1  drv_uart.o(.data)
    U4RxInCnt                                0x20000186   Data           1  drv_uart.o(.data)
    U4RxoutCnt                               0x20000187   Data           1  drv_uart.o(.data)
    Tx5Counter                               0x20000188   Data           1  drv_uart.o(.data)
    count5                                   0x20000189   Data           1  drv_uart.o(.data)
    U5RxInCnt                                0x2000018a   Data           1  drv_uart.o(.data)
    U5RxoutCnt                               0x2000018b   Data           1  drv_uart.o(.data)
    SystemCoreClock                          0x2000018c   Data           4  system_stm32f4xx.o(.data)
    AHBPrescTable                            0x20000190   Data          16  system_stm32f4xx.o(.data)
    send_buffer                              0x200001b0   Data          50  ano_dt_lx.o(.bss)
    dt                                       0x200001e4   Data        1564  ano_dt_lx.o(.bss)
    rt_tar                                   0x20000900   Data          14  ano_lx.o(.bss)
    pwm_to_esc                               0x2000090e   Data          16  ano_lx.o(.bss)
    fc_att_qua                               0x2000091e   Data           9  ano_lx.o(.bss)
    ext_sens                                 0x20000938   Data          48  lx_fc_ext_sensor.o(.bss)
    fc_sta                                   0x20000968   Data          11  lx_fc_state.o(.bss)
    rc_in                                    0x20000974   Data          82  drv_bsp.o(.bss)
    ano_of                                   0x200009e0   Data          60  drv_anoof.o(.bss)
    ubx                                      0x20000a5c   Data         100  drv_ubloxgps.o(.bss)
    AdcValue                                 0x20000ac0   Data         100  drv_adc.o(.bss)
    Tx1Buffer                                0x20000b24   Data         256  drv_uart.o(.bss)
    U1RxDataTmp                              0x20000c24   Data         100  drv_uart.o(.bss)
    TxBuffer                                 0x20000c88   Data         256  drv_uart.o(.bss)
    U2RxDataTmp                              0x20000d88   Data         100  drv_uart.o(.bss)
    Tx3Buffer                                0x20000dec   Data         256  drv_uart.o(.bss)
    U3RxDataTmp                              0x20000eec   Data         100  drv_uart.o(.bss)
    Tx4Buffer                                0x20000f50   Data         256  drv_uart.o(.bss)
    U4RxDataTmp                              0x20001050   Data         100  drv_uart.o(.bss)
    Tx5Buffer                                0x200010b4   Data         256  drv_uart.o(.bss)
    U5RxDataTmp                              0x200011b4   Data         100  drv_uart.o(.bss)
    __initial_sp                             0x20001a18   Data           0  startup_stm32f4xx.o(STACK)



==============================================================================

Memory Map of the image

  Image Entry point : 0x08000189

  Load Region LR_IROM1 (Base: 0x08000000, Size: 0x0000cdc8, Max: 0x00100000, ABSOLUTE, COMPRESSED[0x0000ccc4])

    Execution Region ER_IROM1 (Exec base: 0x08000000, Load base: 0x08000000, Size: 0x0000cc18, Max: 0x00100000, ABSOLUTE)

    Exec Addr    Load Addr    Size         Type   Attr      Idx    E Section Name        Object

    0x08000000   0x08000000   0x00000188   Data   RO          562    RESET               startup_stm32f4xx.o
    0x08000188   0x08000188   0x00000000   Code   RO          761  * .ARM.Collect$$$$00000000  mc_w.l(entry.o)
    0x08000188   0x08000188   0x00000004   Code   RO          776    .ARM.Collect$$$$00000001  mc_w.l(entry2.o)
    0x0800018c   0x0800018c   0x00000004   Code   RO          779    .ARM.Collect$$$$00000004  mc_w.l(entry5.o)
    0x08000190   0x08000190   0x00000000   Code   RO          781    .ARM.Collect$$$$00000008  mc_w.l(entry7b.o)
    0x08000190   0x08000190   0x00000000   Code   RO          783    .ARM.Collect$$$$0000000A  mc_w.l(entry8b.o)
    0x08000190   0x08000190   0x00000008   Code   RO          784    .ARM.Collect$$$$0000000B  mc_w.l(entry9a.o)
    0x08000198   0x08000198   0x00000000   Code   RO          786    .ARM.Collect$$$$0000000D  mc_w.l(entry10a.o)
    0x08000198   0x08000198   0x00000000   Code   RO          788    .ARM.Collect$$$$0000000F  mc_w.l(entry11a.o)
    0x08000198   0x08000198   0x00000004   Code   RO          777    .ARM.Collect$$$$00002712  mc_w.l(entry2.o)
    0x0800019c   0x0800019c   0x00000014   Code   RO            2    .text               main.o
    0x080001b0   0x080001b0   0x000000b4   Code   RO          112    .text               ano_scheduler.o
    0x08000264   0x08000264   0x000002cc   Code   RO          133    .text               user_task.o
    0x08000530   0x08000530   0x00000794   Code   RO          156    .text               ano_dt_lx.o
    0x08000cc4   0x08000cc4   0x000004dc   Code   RO          195    .text               ano_lx.o
    0x080011a0   0x080011a0   0x000000e4   Code   RO          242    .text               lx_fc_ext_sensor.o
    0x08001284   0x08001284   0x0000029c   Code   RO          265    .text               lx_fc_fun.o
    0x08001520   0x08001520   0x00000284   Code   RO          282    .text               lx_fc_state.o
    0x080017a4   0x080017a4   0x000004f8   Code   RO          305    .text               drv_bsp.o
    0x08001c9c   0x08001c9c   0x0000087c   Code   RO          331    .text               ano_math.o
    0x08002518   0x08002518   0x00000340   Code   RO          353    .text               drv_anoof.o
    0x08002858   0x08002858   0x000003a8   Code   RO          376    .text               drv_ubloxgps.o
    0x08002c00   0x08002c00   0x0000007c   Code   RO          396    .text               stm32f4xx_it.o
    0x08002c7c   0x08002c7c   0x00000108   Code   RO          412    .text               drv_sys.o
    0x08002d84   0x08002d84   0x00000194   Code   RO          440    .text               drv_adc.o
    0x08002f18   0x08002f18   0x0000011c   Code   RO          462    .text               drv_led.o
    0x08003034   0x08003034   0x0000037c   Code   RO          484    .text               drv_pwmout.o
    0x080033b0   0x080033b0   0x000001e4   Code   RO          500    .text               drv_rcin.o
    0x08003594   0x08003594   0x0000008c   Code   RO          517    .text               drv_timer.o
    0x08003620   0x08003620   0x00000a50   Code   RO          537    .text               drv_uart.o
    0x08004070   0x08004070   0x00000024   Code   RO          563    .text               startup_stm32f4xx.o
    0x08004094   0x08004094   0x00000210   Code   RO          568    .text               system_stm32f4xx.o
    0x080042a4   0x080042a4   0x000001c0   Code   RO          590    .text               misc.o
    0x08004464   0x08004464   0x00000fdc   Code   RO          607    .text               stm32f4xx_adc.o
    0x08005440   0x08005440   0x00001368   Code   RO          624    .text               stm32f4xx_dma.o
    0x080067a8   0x080067a8   0x000002d4   Code   RO          641    .text               stm32f4xx_exti.o
    0x08006a7c   0x08006a7c   0x000008c8   Code   RO          675    .text               stm32f4xx_gpio.o
    0x08007344   0x08007344   0x00000cfc   Code   RO          692    .text               stm32f4xx_rcc.o
    0x08008040   0x08008040   0x000031ec   Code   RO          728    .text               stm32f4xx_tim.o
    0x0800b22c   0x0800b22c   0x00000e24   Code   RO          745    .text               stm32f4xx_usart.o
    0x0800c050   0x0800c050   0x0000014e   Code   RO          764    .text               mf_w.l(dadd.o)
    0x0800c19e   0x0800c19e   0x000000e4   Code   RO          766    .text               mf_w.l(dmul.o)
    0x0800c282   0x0800c282   0x00000022   Code   RO          768    .text               mf_w.l(dflti.o)
    0x0800c2a4   0x0800c2a4   0x00000030   Code   RO          770    .text               mf_w.l(cdcmple.o)
    0x0800c2d4   0x0800c2d4   0x00000030   Code   RO          772    .text               mf_w.l(cdrcmple.o)
    0x0800c304   0x0800c304   0x00000038   Code   RO          774    .text               mf_w.l(d2f.o)
    0x0800c33c   0x0800c33c   0x0000001e   Code   RO          790    .text               mc_w.l(llshl.o)
    0x0800c35a   0x0800c35a   0x00000024   Code   RO          792    .text               mc_w.l(llsshr.o)
    0x0800c37e   0x0800c37e   0x00000000   Code   RO          794    .text               mc_w.l(iusefp.o)
    0x0800c37e   0x0800c37e   0x0000006e   Code   RO          795    .text               mf_w.l(fepilogue.o)
    0x0800c3ec   0x0800c3ec   0x000000ba   Code   RO          797    .text               mf_w.l(depilogue.o)
    0x0800c4a6   0x0800c4a6   0x00000002   PAD
    0x0800c4a8   0x0800c4a8   0x00000024   Code   RO          799    .text               mc_w.l(init.o)
    0x0800c4cc   0x0800c4cc   0x00000020   Code   RO          801    .text               mc_w.l(llushr.o)
    0x0800c4ec   0x0800c4ec   0x00000056   Code   RO          811    .text               mc_w.l(__dczerorl2.o)
    0x0800c542   0x0800c542   0x0000000e   Code   RO          805    i.__scatterload_copy  mc_w.l(handlers.o)
    0x0800c550   0x0800c550   0x00000002   Code   RO          806    i.__scatterload_null  mc_w.l(handlers.o)
    0x0800c552   0x0800c552   0x0000000e   Code   RO          807    i.__scatterload_zeroinit  mc_w.l(handlers.o)
    0x0800c560   0x0800c560   0x00000404   Data   RO          332    .constdata          ano_math.o
    0x0800c964   0x0800c964   0x00000048   Data   RO          591    .conststring        misc.o
    0x0800c9ac   0x0800c9ac   0x00000051   Data   RO          608    .conststring        stm32f4xx_adc.o
    0x0800c9fd   0x0800c9fd   0x00000003   PAD
    0x0800ca00   0x0800ca00   0x00000051   Data   RO          625    .conststring        stm32f4xx_dma.o
    0x0800ca51   0x0800ca51   0x00000003   PAD
    0x0800ca54   0x0800ca54   0x00000052   Data   RO          642    .conststring        stm32f4xx_exti.o
    0x0800caa6   0x0800caa6   0x00000002   PAD
    0x0800caa8   0x0800caa8   0x00000052   Data   RO          676    .conststring        stm32f4xx_gpio.o
    0x0800cafa   0x0800cafa   0x00000002   PAD
    0x0800cafc   0x0800cafc   0x00000051   Data   RO          693    .conststring        stm32f4xx_rcc.o
    0x0800cb4d   0x0800cb4d   0x00000003   PAD
    0x0800cb50   0x0800cb50   0x00000051   Data   RO          729    .conststring        stm32f4xx_tim.o
    0x0800cba1   0x0800cba1   0x00000003   PAD
    0x0800cba4   0x0800cba4   0x00000053   Data   RO          746    .conststring        stm32f4xx_usart.o
    0x0800cbf7   0x0800cbf7   0x00000001   PAD
    0x0800cbf8   0x0800cbf8   0x00000020   Data   RO          803    Region$$Table       anon$$obj.o


    Execution Region RW_IRAM1 (Exec base: 0x20000000, Load base: 0x0800cc18, Size: 0x00001a18, Max: 0x00020000, ABSOLUTE, COMPRESSED[0x000000ac])

    Exec Addr    Load Addr    Size         Type   Attr      Idx    E Section Name        Object

    0x20000000   COMPRESSED   0x00000054   Data   RW          113    .data               ano_scheduler.o
    0x20000054   COMPRESSED   0x0000000c   Data   RW          134    .data               user_task.o
    0x20000060   COMPRESSED   0x00000006   Data   RW          158    .data               ano_dt_lx.o
    0x20000066   COMPRESSED   0x0000001e   Data   RW          197    .data               ano_lx.o
    0x20000084   COMPRESSED   0x00000004   Data   RW          244    .data               lx_fc_ext_sensor.o
    0x20000088   COMPRESSED   0x00000001   Data   RW          266    .data               lx_fc_fun.o
    0x20000089   COMPRESSED   0x00000001   PAD
    0x2000008a   COMPRESSED   0x00000006   Data   RW          284    .data               lx_fc_state.o
    0x20000090   COMPRESSED   0x00000013   Data   RW          307    .data               drv_bsp.o
    0x200000a3   COMPRESSED   0x00000003   Data   RW          355    .data               drv_anoof.o
    0x200000a6   COMPRESSED   0x000000b6   Data   RW          378    .data               drv_ubloxgps.o
    0x2000015c   COMPRESSED   0x00000004   PAD
    0x20000160   COMPRESSED   0x00000008   Data   RW          413    .data               drv_sys.o
    0x20000168   COMPRESSED   0x0000000c   Data   RW          463    .data               drv_led.o
    0x20000174   COMPRESSED   0x00000004   Data   RW          501    .data               drv_rcin.o
    0x20000178   COMPRESSED   0x00000014   Data   RW          539    .data               drv_uart.o
    0x2000018c   COMPRESSED   0x00000014   Data   RW          569    .data               system_stm32f4xx.o
    0x200001a0   COMPRESSED   0x00000010   Data   RW          694    .data               stm32f4xx_rcc.o
    0x200001b0        -       0x00000750   Zero   RW          157    .bss                ano_dt_lx.o
    0x20000900        -       0x00000038   Zero   RW          196    .bss                ano_lx.o
    0x20000938        -       0x00000030   Zero   RW          243    .bss                lx_fc_ext_sensor.o
    0x20000968        -       0x0000000b   Zero   RW          283    .bss                lx_fc_state.o
    0x20000973   COMPRESSED   0x00000001   PAD
    0x20000974        -       0x0000006b   Zero   RW          306    .bss                drv_bsp.o
    0x200009df   COMPRESSED   0x00000001   PAD
    0x200009e0        -       0x0000007c   Zero   RW          354    .bss                drv_anoof.o
    0x20000a5c        -       0x00000064   Zero   RW          377    .bss                drv_ubloxgps.o
    0x20000ac0        -       0x00000064   Zero   RW          441    .bss                drv_adc.o
    0x20000b24        -       0x000006f4   Zero   RW          538    .bss                drv_uart.o
    0x20001218        -       0x00000800   Zero   RW          560    STACK               startup_stm32f4xx.o


==============================================================================

Image component sizes


      Code (inc. data)   RO Data    RW Data    ZI Data      Debug   Object Name

      1940         84          0          6       1872       6282   ano_dt_lx.o
      1244        110          0         30         56       5442   ano_lx.o
      2172        142       1028          0          0       7806   ano_math.o
       180          4          0         84          0       1968   ano_scheduler.o
       404         36          0          0        100       1937   drv_adc.o
       832         36          0          3        124       3154   drv_anoof.o
      1272         60          0         19        107       3706   drv_bsp.o
       284         12          0         12          0       2562   drv_led.o
       892         38          0          0          0       1855   drv_pwmout.o
       484         20          0          4          0       1464   drv_rcin.o
       264         12          0          8          0      20381   drv_sys.o
       140          4          0          0          0        943   drv_timer.o
      2640        170          0         20       1780       9055   drv_uart.o
       936         82          0        182        100       3467   drv_ubloxgps.o
       228         30          0          4         48       2683   lx_fc_ext_sensor.o
       668         12          0          1          0       2752   lx_fc_fun.o
       644         30          0          6         11       2083   lx_fc_state.o
        20          0          0          0          0     299721   main.o
       448         30         72          0          0       2321   misc.o
        36          8        392          0       2048        972   startup_stm32f4xx.o
      4060        104         81          0          0      13634   stm32f4xx_adc.o
      4968        316         81          0          0       9245   stm32f4xx_dma.o
       724         14         82          0          0       2999   stm32f4xx_exti.o
      2248         86         82          0          0       5701   stm32f4xx_gpio.o
       124          4          0          0          0       2342   stm32f4xx_it.o
      3324        218         81         16          0      13859   stm32f4xx_rcc.o
     12780        628         81          0          0      31488   stm32f4xx_tim.o
      3620        116         83          0          0      10368   stm32f4xx_usart.o
       528         46          0         20          0       2255   system_stm32f4xx.o
       716         56          0         12          0       1382   user_task.o

    ----------------------------------------------------------------------
     48820       2508       2112        432       6248     473827   Object Totals
         0          0         32          0          0          0   (incl. Generated)
         0          0         17          5          2          0   (incl. Padding)

    ----------------------------------------------------------------------

      Code (inc. data)   RO Data    RW Data    ZI Data      Debug   Library Member Name

        86          0          0          0          0          0   __dczerorl2.o
         0          0          0          0          0          0   entry.o
         0          0          0          0          0          0   entry10a.o
         0          0          0          0          0          0   entry11a.o
         8          4          0          0          0          0   entry2.o
         4          0          0          0          0          0   entry5.o
         0          0          0          0          0          0   entry7b.o
         0          0          0          0          0          0   entry8b.o
         8          4          0          0          0          0   entry9a.o
        30          0          0          0          0          0   handlers.o
        36          8          0          0          0         68   init.o
         0          0          0          0          0          0   iusefp.o
        30          0          0          0          0         68   llshl.o
        36          0          0          0          0         68   llsshr.o
        32          0          0          0          0         68   llushr.o
        48          0          0          0          0         68   cdcmple.o
        48          0          0          0          0         68   cdrcmple.o
        56          0          0          0          0         88   d2f.o
       334          0          0          0          0        148   dadd.o
       186          0          0          0          0        176   depilogue.o
        34          0          0          0          0         76   dflti.o
       228          0          0          0          0         96   dmul.o
       110          0          0          0          0        168   fepilogue.o

    ----------------------------------------------------------------------
      1316         16          0          0          0       1160   Library Totals
         2          0          0          0          0          0   (incl. Padding)

    ----------------------------------------------------------------------

      Code (inc. data)   RO Data    RW Data    ZI Data      Debug   Library Name

       270         16          0          0          0        272   mc_w.l
      1044          0          0          0          0        888   mf_w.l

    ----------------------------------------------------------------------
      1316         16          0          0          0       1160   Library Totals

    ----------------------------------------------------------------------

==============================================================================


      Code (inc. data)   RO Data    RW Data    ZI Data      Debug   

     50136       2524       2112        432       6248     469751   Grand Totals
     50136       2524       2112        172       6248     469751   ELF Image Totals (compressed)
     50136       2524       2112        172          0          0   ROM Totals

==============================================================================

    Total RO  Size (Code + RO Data)                52248 (  51.02kB)
    Total RW  Size (RW Data + ZI Data)              6680 (   6.52kB)
    Total ROM Size (Code + RO Data + RW Data)      52420 (  51.19kB)

==============================================================================

